[    3.742639] kernel: Linux version 6.14.0-37-generic (buildd@lcy02-amd64-049) (x86_64-linux-gnu-gcc-14 (Ubuntu 14.2.0-19ubuntu2) 14.2.0, GNU ld (GNU Binutils for Ubuntu) 2.44) #37-Ubuntu SMP PREEMPT_DYNAMIC Fri Nov 14 22:10:32 UTC 2025 (Ubuntu 6.14.0-37.37-generic 6.14.11)
[    3.742832] kernel: Command line: BOOT_IMAGE=/boot/vmlinuz-6.14.0-37-generic root=UUID=77151a82-e52d-4070-9569-75d72ae3eb7b ro quiet splash crashkernel=2G-4G:320M,4G-32G:512M,32G-64G:1024M,64G-128G:2048M,128G-:4096M vt.handoff=7
[    3.742843] kernel: KERNEL supported cpus:
[    3.742851] kernel:   Intel GenuineIntel
[    3.742859] kernel:   AMD AuthenticAMD
[    3.742867] kernel:   Hygon HygonGenuine
[    3.743047] kernel:   Centaur CentaurHauls
[    3.743057] kernel:   zhaoxin   Shanghai  
[    3.743067] kernel: x86/split lock detection: #AC: crashing the kernel on kernel split_locks and warning on user-space split_locks
[    3.743074] kernel: BIOS-provided physical RAM map:
[    3.743082] kernel: BIOS-e820: [mem 0x0000000000000000-0x000000000009efff] usable
[    3.743090] kernel: BIOS-e820: [mem 0x000000000009f000-0x00000000000fffff] reserved
[    3.743097] kernel: BIOS-e820: [mem 0x0000000000100000-0x0000000059e2efff] usable
[    3.743105] kernel: BIOS-e820: [mem 0x0000000059e2f000-0x000000005aa2efff] ACPI NVS
[    3.743269] kernel: BIOS-e820: [mem 0x000000005aa2f000-0x000000005aafefff] ACPI data
[    3.743279] kernel: BIOS-e820: [mem 0x000000005aaff000-0x000000005d4fefff] reserved
[    3.743287] kernel: BIOS-e820: [mem 0x000000005d4ff000-0x000000008f4fefff] usable
[    3.743295] kernel: BIOS-e820: [mem 0x000000008f4ff000-0x0000000092ffefff] reserved
[    3.743303] kernel: BIOS-e820: [mem 0x0000000092fff000-0x0000000092ffffff] usable
[    3.743310] kernel: BIOS-e820: [mem 0x0000000093000000-0x00000000973fffff] reserved
[    3.743318] kernel: BIOS-e820: [mem 0x0000000097e00000-0x00000000a07fffff] reserved
[    3.743325] kernel: BIOS-e820: [mem 0x00000000c0000000-0x00000000cfffffff] reserved
[    3.743333] kernel: BIOS-e820: [mem 0x00000000fed20000-0x00000000fed7ffff] reserved
[    3.743340] kernel: BIOS-e820: [mem 0x0000000100000000-0x000000045f7fffff] usable
[    3.743348] kernel: NX (Execute Disable) protection: active
[    3.743514] kernel: APIC: Static calls initialized
[    3.743524] kernel: efi: EFI v2.7 by Lenovo
[    3.743532] kernel: efi: ACPI=0x5aafe000 ACPI 2.0=0x5aafe014 TPMFinalLog=0x5a9ae000 SMBIOS=0x5d16e000 SMBIOS 3.0=0x5d161000 MEMATTR=0x8a91c018 ESRT=0x8a921d18 MOKvar=0x5ae90000 INITRD=0x59e2e698 RNG=0x5aafd018 TPMEventLog=0x5aaef018 
[    3.743539] kernel: random: crng init done
[    3.743547] kernel: efi: Remove mem82: MMIO range=[0xc0000000-0xcfffffff] (256MB) from e820 map
[    3.743555] kernel: e820: remove [mem 0xc0000000-0xcfffffff] reserved
[    3.743565] kernel: SMBIOS 3.4.0 present.
[    3.743573] kernel: DMI: LENOVO 21JKS1E900/21JKS1E900, BIOS R2AET59W(1.34) 08/27/2024
[    3.743743] kernel: DMI: Memory slots populated: 2/2
[    3.743750] kernel: secureboot: Secure boot disabled
[    3.743758] kernel: tsc: Detected 2500.000 MHz processor
[    3.743765] kernel: tsc: Detected 2496.000 MHz TSC
[    3.743775] kernel: e820: update [mem 0x00000000-0x00000fff] usable ==> reserved
[    3.743784] kernel: e820: remove [mem 0x000a0000-0x000fffff] usable
[    3.743792] kernel: last_pfn = 0x45f800 max_arch_pfn = 0x400000000
[    3.743803] kernel: total RAM covered: 31168M
[    3.743972] kernel: Found optimal setting for mtrr clean up
[    3.743982] kernel:  gran_size: 64K         chunk_size: 128M         num_reg: 6          lose cover RAM: 0G
[    3.743990] kernel: MTRR map: 6 entries (3 fixed + 3 variable; max 23), built from 10 variable MTRRs
[    3.743999] kernel: x86/PAT: Configuration [0-7]: WB  WC  UC- UC  WB  WP  UC- WT  
[    3.744010] kernel: e820: update [mem 0x9c000000-0xffffffff] usable ==> reserved
[    3.744021] kernel: last_pfn = 0x93000 max_arch_pfn = 0x400000000
[    3.744029] kernel: esrt: Reserving ESRT space from 0x000000008a921d18 to 0x000000008a921e90.
[    3.744037] kernel: e820: update [mem 0x8a921000-0x8a921fff] usable ==> reserved
[    3.744045] kernel: Using GB pages for direct mapping
[    3.744214] kernel: secureboot: Secure boot disabled
[    3.744222] kernel: RAMDISK: [mem 0x48142000-0x4ce31fff]
[    3.744231] kernel: ACPI: Early table checksum verification disabled
[    3.744238] kernel: ACPI: RSDP 0x000000005AAFE014 000024 (v02 LENOVO)
[    3.744249] kernel: ACPI: XSDT 0x000000005AAFC188 00012C (v01 LENOVO TP-R2A   00001340 PTEC 00000002)
[    3.744257] kernel: ACPI: FACP 0x000000005D151000 000114 (v06 LENOVO TP-R2A   00001340 PTEC 00000002)
[    3.744265] kernel: ACPI: DSDT 0x000000005D105000 047C8B (v02 LENOVO ICL      00000002      01000013)
[    3.744273] kernel: ACPI: FACS 0x000000005A993000 000040
[    3.744440] kernel: ACPI: SSDT 0x000000005D21C000 00038C (v02 LENOVO Pmax_Dev 00000001 INTL 20200717)
[    3.744448] kernel: ACPI: SSDT 0x000000005D202000 005D34 (v02 LENOVO CpuSsdt  00003000 INTL 20200717)
[    3.744456] kernel: ACPI: SSDT 0x000000005D201000 00059B (v02 LENOVO CtdpB    00001000 INTL 20200717)
[    3.744465] kernel: ACPI: SSDT 0x000000005D181000 0042BB (v02 LENOVO DptfTabl 00001000 INTL 20200717)
[    3.744473] kernel: ACPI: SSDT 0x000000005D153000 00060E (v02 LENOVO Tpm2Tabl 00001000 INTL 20200717)
[    3.744483] kernel: ACPI: TPM2 0x000000005D152000 00004C (v04 LENOVO TP-R2A   00001340 PTEC 00000002)
[    3.744492] kernel: ACPI: HPET 0x000000005D150000 000038 (v01 LENOVO TP-R2A   00001340 PTEC 00000002)
[    3.744660] kernel: ACPI: APIC 0x000000005D14F000 0001DC (v05 LENOVO TP-R2A   00001340 PTEC 00000002)
[    3.744669] kernel: ACPI: MCFG 0x000000005D14E000 00003C (v01 LENOVO TP-R2A   00001340 PTEC 00000002)
[    3.744678] kernel: ACPI: ECDT 0x000000005D14D000 000053 (v01 LENOVO TP-R2A   00001340 PTEC 00000002)
[    3.744687] kernel: ACPI: SSDT 0x000000005D103000 001EC1 (v02 LENOVO AdlP_Rvp 00001000 INTL 20200717)
[    3.744695] kernel: ACPI: SSDT 0x000000005D102000 000083 (v02 LENOVO PID0Ssdt 00000010 INTL 20200717)
[    3.744704] kernel: ACPI: SSDT 0x000000005D0FF000 002296 (v02 LENOVO ProjSsdt 00000010 INTL 20200717)
[    3.744714] kernel: ACPI: SSDT 0x000000005D0FC000 0029B6 (v02 LENOVO SaSsdt   00003000 INTL 20200717)
[    3.744722] kernel: ACPI: SSDT 0x000000005D0F8000 0035EC (v02 LENOVO IgfxSsdt 00003000 INTL 20200717)
[    3.744901] kernel: ACPI: SSDT 0x000000005D0EA000 00D84D (v02 LENOVO TcssSsdt 00001000 INTL 20200717)
[    3.744911] kernel: ACPI: LPIT 0x000000005D0E8000 0000CC (v01 LENOVO TP-R2A   00001340 PTEC 00000002)
[    3.744918] kernel: ACPI: WSMT 0x000000005D0E7000 000028 (v01 LENOVO TP-R2A   00001340 PTEC 00000002)
[    3.744926] kernel: ACPI: SSDT 0x000000005D0E4000 0026B4 (v02 LENOVO TbtTypeC 00000000 INTL 20200717)
[    3.744934] kernel: ACPI: DBGP 0x000000005D0E3000 000034 (v01 LENOVO TP-R2A   00001340 PTEC 00000002)
[    3.744942] kernel: ACPI: DBG2 0x000000005D0E2000 000054 (v00 LENOVO TP-R2A   00001340 PTEC 00000002)
[    3.744952] kernel: ACPI: NHLT 0x000000005D0E0000 001B64 (v00 LENOVO TP-R2A   00001340 PTEC 00000002)
[    3.744960] kernel: ACPI: POAT 0x000000005D0DF000 000055 (v03 LENOVO TP-R2A   00001340 PTEC 00000002)
[    3.745139] kernel: ACPI: SSDT 0x000000005D0C9000 000FAF (v02 LENOVO UsbCTabl 00001000 INTL 20200717)
[    3.745147] kernel: ACPI: BATB 0x000000005D0C8000 00004A (v02 LENOVO TP-R2A   00001340 PTEC 00000002)
[    3.745156] kernel: ACPI: FPDT 0x000000005AE9A000 000034 (v01 LENOVO TP-R2A   00001340 PTEC 00000002)
[    3.745164] kernel: ACPI: SSDT 0x000000005AE98000 00129A (v02 LENOVO SocGpe   00003000 INTL 20200717)
[    3.745172] kernel: ACPI: SSDT 0x000000005AE94000 0039DA (v02 LENOVO SocCmn   00003000 INTL 20200717)
[    3.745180] kernel: ACPI: SSDT 0x000000005AE93000 000144 (v02 LENOVO ADebTabl 00001000 INTL 20200717)
[    3.745192] kernel: ACPI: BGRT 0x000000005D0CA000 000038 (v01 LENOVO TP-R2A   00001340 PTEC 00000002)
[    3.745200] kernel: ACPI: PHAT 0x000000005AE92000 000858 (v01 LENOVO TP-R2A   00001340 PTEC 00000002)
[    3.745377] kernel: ACPI: UEFI 0x000000005A98A000 000076 (v01 LENOVO TP-R2A   00001340 PTEC 00000002)
[    3.745386] kernel: ACPI: Reserving FACP table memory at [mem 0x5d151000-0x5d151113]
[    3.745395] kernel: ACPI: Reserving DSDT table memory at [mem 0x5d105000-0x5d14cc8a]
[    3.745403] kernel: ACPI: Reserving FACS table memory at [mem 0x5a993000-0x5a99303f]
[    3.745412] kernel: ACPI: Reserving SSDT table memory at [mem 0x5d21c000-0x5d21c38b]
[    3.745421] kernel: ACPI: Reserving SSDT table memory at [mem 0x5d202000-0x5d207d33]
[    3.745429] kernel: ACPI: Reserving SSDT table memory at [mem 0x5d201000-0x5d20159a]
[    3.745440] kernel: ACPI: Reserving SSDT table memory at [mem 0x5d181000-0x5d1852ba]
[    3.745618] kernel: ACPI: Reserving SSDT table memory at [mem 0x5d153000-0x5d15360d]
[    3.745627] kernel: ACPI: Reserving TPM2 table memory at [mem 0x5d152000-0x5d15204b]
[    3.745636] kernel: ACPI: Reserving HPET table memory at [mem 0x5d150000-0x5d150037]
[    3.745645] kernel: ACPI: Reserving APIC table memory at [mem 0x5d14f000-0x5d14f1db]
[    3.745653] kernel: ACPI: Reserving MCFG table memory at [mem 0x5d14e000-0x5d14e03b]
[    3.745661] kernel: ACPI: Reserving ECDT table memory at [mem 0x5d14d000-0x5d14d052]
[    3.745669] kernel: ACPI: Reserving SSDT table memory at [mem 0x5d103000-0x5d104ec0]
[    3.745678] kernel: ACPI: Reserving SSDT table memory at [mem 0x5d102000-0x5d102082]
[    3.745856] kernel: ACPI: Reserving SSDT table memory at [mem 0x5d0ff000-0x5d101295]
[    3.745866] kernel: ACPI: Reserving SSDT table memory at [mem 0x5d0fc000-0x5d0fe9b5]
[    3.745874] kernel: ACPI: Reserving SSDT table memory at [mem 0x5d0f8000-0x5d0fb5eb]
[    3.745882] kernel: ACPI: Reserving SSDT table memory at [mem 0x5d0ea000-0x5d0f784c]
[    3.745890] kernel: ACPI: Reserving LPIT table memory at [mem 0x5d0e8000-0x5d0e80cb]
[    3.745898] kernel: ACPI: Reserving WSMT table memory at [mem 0x5d0e7000-0x5d0e7027]
[    3.745907] kernel: ACPI: Reserving SSDT table memory at [mem 0x5d0e4000-0x5d0e66b3]
[    3.746088] kernel: ACPI: Reserving DBGP table memory at [mem 0x5d0e3000-0x5d0e3033]
[    3.746100] kernel: ACPI: Reserving DBG2 table memory at [mem 0x5d0e2000-0x5d0e2053]
[    3.746111] kernel: ACPI: Reserving NHLT table memory at [mem 0x5d0e0000-0x5d0e1b63]
[    3.746119] kernel: ACPI: Reserving POAT table memory at [mem 0x5d0df000-0x5d0df054]
[    3.746128] kernel: ACPI: Reserving SSDT table memory at [mem 0x5d0c9000-0x5d0c9fae]
[    3.746136] kernel: ACPI: Reserving BATB table memory at [mem 0x5d0c8000-0x5d0c8049]
[    3.746149] kernel: ACPI: Reserving FPDT table memory at [mem 0x5ae9a000-0x5ae9a033]
[    3.746158] kernel: ACPI: Reserving SSDT table memory at [mem 0x5ae98000-0x5ae99299]
[    3.746328] kernel: ACPI: Reserving SSDT table memory at [mem 0x5ae94000-0x5ae979d9]
[    3.746337] kernel: ACPI: Reserving SSDT table memory at [mem 0x5ae93000-0x5ae93143]
[    3.746345] kernel: ACPI: Reserving BGRT table memory at [mem 0x5d0ca000-0x5d0ca037]
[    3.746353] kernel: ACPI: Reserving PHAT table memory at [mem 0x5ae92000-0x5ae92857]
[    3.746362] kernel: ACPI: Reserving UEFI table memory at [mem 0x5a98a000-0x5a98a075]
[    3.746373] kernel: No NUMA configuration found
[    3.746381] kernel: Faking a node at [mem 0x0000000000000000-0x000000045f7fffff]
[    3.746389] kernel: NODE_DATA(0) allocated [mem 0x45f7d5540-0x45f7fffff]
[    3.746397] kernel: crashkernel reserved: 0x0000000069000000 - 0x0000000089000000 (512 MB)
[    3.746406] kernel: Zone ranges:
[    3.746414] kernel:   DMA      [mem 0x0000000000001000-0x0000000000ffffff]
[    3.746422] kernel:   DMA32    [mem 0x0000000001000000-0x00000000ffffffff]
[    3.746433] kernel:   Normal   [mem 0x0000000100000000-0x000000045f7fffff]
[    3.746441] kernel:   Device   empty
[    3.746449] kernel: Movable zone start for each node
[    3.746457] kernel: Early memory node ranges
[    3.746465] kernel:   node   0: [mem 0x0000000000001000-0x000000000009efff]
[    3.746473] kernel:   node   0: [mem 0x0000000000100000-0x0000000059e2efff]
[    3.746481] kernel:   node   0: [mem 0x000000005d4ff000-0x000000008f4fefff]
[    3.746490] kernel:   node   0: [mem 0x0000000092fff000-0x0000000092ffffff]
[    3.746497] kernel:   node   0: [mem 0x0000000100000000-0x000000045f7fffff]
[    3.746507] kernel: Initmem setup node 0 [mem 0x0000000000001000-0x000000045f7fffff]
[    3.746517] kernel: On node 0, zone DMA: 1 pages in unavailable ranges
[    3.746525] kernel: On node 0, zone DMA: 97 pages in unavailable ranges
[    3.746533] kernel: On node 0, zone DMA32: 14032 pages in unavailable ranges
[    3.746542] kernel: On node 0, zone DMA32: 15104 pages in unavailable ranges
[    3.746550] kernel: On node 0, zone Normal: 20480 pages in unavailable ranges
[    3.746558] kernel: On node 0, zone Normal: 2048 pages in unavailable ranges
[    3.746566] kernel: Reserving Intel graphics memory at [mem 0x9c800000-0xa07fffff]
[    3.746577] kernel: ACPI: PM-Timer IO Port: 0x1808
[    3.746585] kernel: ACPI: LAPIC_NMI (acpi_id[0x01] high edge lint[0x1])
[    3.746593] kernel: ACPI: LAPIC_NMI (acpi_id[0x02] high edge lint[0x1])
[    3.746602] kernel: ACPI: LAPIC_NMI (acpi_id[0x03] high edge lint[0x1])
[    3.746610] kernel: ACPI: LAPIC_NMI (acpi_id[0x04] high edge lint[0x1])
[    3.746618] kernel: ACPI: LAPIC_NMI (acpi_id[0x05] high edge lint[0x1])
[    3.746627] kernel: ACPI: LAPIC_NMI (acpi_id[0x06] high edge lint[0x1])
[    3.746635] kernel: ACPI: LAPIC_NMI (acpi_id[0x07] high edge lint[0x1])
[    3.746643] kernel: ACPI: LAPIC_NMI (acpi_id[0x08] high edge lint[0x1])
[    3.746651] kernel: ACPI: LAPIC_NMI (acpi_id[0x09] high edge lint[0x1])
[    3.746662] kernel: ACPI: LAPIC_NMI (acpi_id[0x0a] high edge lint[0x1])
[    3.746670] kernel: ACPI: LAPIC_NMI (acpi_id[0x0b] high edge lint[0x1])
[    3.746678] kernel: ACPI: LAPIC_NMI (acpi_id[0x0c] high edge lint[0x1])
[    3.746687] kernel: ACPI: LAPIC_NMI (acpi_id[0x0d] high edge lint[0x1])
[    3.746695] kernel: ACPI: LAPIC_NMI (acpi_id[0x0e] high edge lint[0x1])
[    3.746703] kernel: ACPI: LAPIC_NMI (acpi_id[0x0f] high edge lint[0x1])
[    3.746711] kernel: ACPI: LAPIC_NMI (acpi_id[0x10] high edge lint[0x1])
[    3.746720] kernel: ACPI: LAPIC_NMI (acpi_id[0x11] high edge lint[0x1])
[    3.746729] kernel: ACPI: LAPIC_NMI (acpi_id[0x12] high edge lint[0x1])
[    3.746742] kernel: ACPI: LAPIC_NMI (acpi_id[0x13] high edge lint[0x1])
[    3.746751] kernel: ACPI: LAPIC_NMI (acpi_id[0x14] high edge lint[0x1])
[    3.746759] kernel: ACPI: LAPIC_NMI (acpi_id[0x15] high edge lint[0x1])
[    3.746767] kernel: ACPI: LAPIC_NMI (acpi_id[0x16] high edge lint[0x1])
[    3.746776] kernel: ACPI: LAPIC_NMI (acpi_id[0x17] high edge lint[0x1])
[    3.746784] kernel: ACPI: LAPIC_NMI (acpi_id[0x00] high edge lint[0x1])
[    3.746793] kernel: IOAPIC[0]: apic_id 2, version 32, address 0xfec00000, GSI 0-119
[    3.746801] kernel: ACPI: INT_SRC_OVR (bus 0 bus_irq 0 global_irq 2 dfl dfl)
[    3.746809] kernel: ACPI: INT_SRC_OVR (bus 0 bus_irq 9 global_irq 9 high level)
[    3.746818] kernel: ACPI: Using ACPI (MADT) for SMP configuration information
[    3.746830] kernel: ACPI: HPET id: 0x8086a201 base: 0xfed00000
[    3.746840] kernel: e820: update [mem 0x891ac000-0x8923cfff] usable ==> reserved
[    3.746848] kernel: TSC deadline timer available
[    3.746858] kernel: CPU topo: Max. logical packages:   1
[    3.746867] kernel: CPU topo: Max. logical dies:       1
[    3.746875] kernel: CPU topo: Max. dies per package:   1
[    3.746884] kernel: CPU topo: Max. threads per core:   2
[    3.746892] kernel: CPU topo: Num. cores per package:    10
[    3.746902] kernel: CPU topo: Num. threads per package:  12
[    3.746912] kernel: CPU topo: Allowing 12 present CPUs plus 0 hotplug CPUs
[    3.746920] kernel: PM: hibernation: Registered nosave memory: [mem 0x00000000-0x00000fff]
[    3.746929] kernel: PM: hibernation: Registered nosave memory: [mem 0x0009f000-0x000fffff]
[    3.746938] kernel: PM: hibernation: Registered nosave memory: [mem 0x59e2f000-0x5d4fefff]
[    3.746946] kernel: PM: hibernation: Registered nosave memory: [mem 0x891ac000-0x8923cfff]
[    3.746955] kernel: PM: hibernation: Registered nosave memory: [mem 0x8a921000-0x8a921fff]
[    3.746963] kernel: PM: hibernation: Registered nosave memory: [mem 0x8f4ff000-0x92ffefff]
[    3.746972] kernel: PM: hibernation: Registered nosave memory: [mem 0x93000000-0xffffffff]
[    3.746983] kernel: [mem 0xa0800000-0xfed1ffff] available for PCI devices
[    3.746992] kernel: Booting paravirtualized kernel on bare hardware
[    3.747005] kernel: clocksource: refined-jiffies: mask: 0xffffffff max_cycles: 0xffffffff, max_idle_ns: 1910969940391419 ns
[    3.747017] kernel: setup_percpu: NR_CPUS:8192 nr_cpumask_bits:12 nr_cpu_ids:12 nr_node_ids:1
[    3.747026] kernel: percpu: Embedded 88 pages/cpu s237568 r8192 d114688 u524288
[    3.747042] kernel: pcpu-alloc: s237568 r8192 d114688 u524288 alloc=1*2097152
[    3.747059] kernel: pcpu-alloc: [0] 00 01 02 03 [0] 04 05 06 07 
[    3.747082] kernel: pcpu-alloc: [0] 08 09 10 11 
[    3.747091] kernel: Kernel command line: BOOT_IMAGE=/boot/vmlinuz-6.14.0-37-generic root=UUID=77151a82-e52d-4070-9569-75d72ae3eb7b ro quiet splash crashkernel=2G-4G:320M,4G-32G:512M,32G-64G:1024M,64G-128G:2048M,128G-:4096M vt.handoff=7
[    3.747288] kernel: Unknown kernel command line parameters "splash BOOT_IMAGE=/boot/vmlinuz-6.14.0-37-generic", will be passed to user space.
[    3.747298] kernel: printk: log buffer data + meta data: 262144 + 917504 = 1179648 bytes
[    3.747307] kernel: Dentry cache hash table entries: 2097152 (order: 12, 16777216 bytes, linear)
[    3.747315] kernel: Inode-cache hash table entries: 1048576 (order: 11, 8388608 bytes, linear)
[    3.747325] kernel: Fallback order for Node 0: 0 
[    3.747334] kernel: Built 1 zonelists, mobility grouping on.  Total pages: 4109774
[    3.747342] kernel: Policy zone: Normal
[    3.747351] kernel: mem auto-init: stack:all(zero), heap alloc:on, heap free:off
[    3.747364] kernel: software IO TLB: area num 16.
[    3.747530] kernel: SLUB: HWalign=64, Order=0-3, MinObjects=0, CPUs=12, Nodes=1
[    3.747539] kernel: ftrace: allocating 60638 entries in 237 pages
[    3.747547] kernel: ftrace: allocated 237 pages with 6 groups
[    3.747556] kernel: Dynamic Preempt: voluntary
[    3.747564] kernel: rcu: Preemptible hierarchical RCU implementation.
[    3.747575] kernel: rcu:         RCU restricting CPUs from NR_CPUS=8192 to nr_cpu_ids=12.
[    3.747753] kernel:         Trampoline variant of Tasks RCU enabled.
[    3.747764] kernel:         Rude variant of Tasks RCU enabled.
[    3.747776] kernel:         Tracing variant of Tasks RCU enabled.
[    3.747786] kernel: rcu: RCU calculated value of scheduler-enlistment delay is 100 jiffies.
[    3.747795] kernel: rcu: Adjusting geometry for rcu_fanout_leaf=16, nr_cpu_ids=12
[    3.747803] kernel: RCU Tasks: Setting shift to 4 and lim to 1 rcu_task_cb_adjust=1 rcu_task_cpu_ids=12.
[    3.747813] kernel: RCU Tasks Rude: Setting shift to 4 and lim to 1 rcu_task_cb_adjust=1 rcu_task_cpu_ids=12.
[    3.747822] kernel: RCU Tasks Trace: Setting shift to 4 and lim to 1 rcu_task_cb_adjust=1 rcu_task_cpu_ids=12.
[    3.748031] kernel: NR_IRQS: 524544, nr_irqs: 2152, preallocated irqs: 16
[    3.748041] kernel: rcu: srcu_init: Setting srcu_struct sizes based on contention.
[    3.748053] kernel: Console: colour dummy device 80x25
[    3.748237] kernel: printk: legacy console [tty0] enabled
[    3.748248] kernel: ACPI: Core revision 20240827
[    3.748258] kernel: hpet: HPET dysfunctional in PC10. Force disabled.
[    3.748268] kernel: APIC: Switch to symmetric I/O mode setup
[    3.748277] kernel: x2apic: IRQ remapping doesn't support X2APIC mode
[    3.748456] kernel: clocksource: tsc-early: mask: 0xffffffffffffffff max_cycles: 0x23fa772cf26, max_idle_ns: 440795269835 ns
[    3.748466] kernel: Calibrating delay loop (skipped), value calculated using timer frequency.. 4992.00 BogoMIPS (lpj=2496000)
[    3.748476] kernel: x86/cpu: VMX (outside TXT) disabled by BIOS
[    3.748488] kernel: CPU0: Thermal monitoring enabled (TM1)
[    3.748499] kernel: x86/cpu: User Mode Instruction Prevention (UMIP) activated
[    3.748673] kernel: Last level iTLB entries: 4KB 0, 2MB 0, 4MB 0
[    3.748682] kernel: Last level dTLB entries: 4KB 0, 2MB 0, 4MB 0, 1GB 0
[    3.748692] kernel: process: using mwait in idle threads
[    3.748702] kernel: Spectre V1 : Mitigation: usercopy/swapgs barriers and __user pointer sanitization
[    3.748711] kernel: Spectre V2 : Mitigation: Enhanced / Automatic IBRS
[    3.748721] kernel: Spectre V2 : Spectre v2 / PBRSB-eIBRS: Retire a single CALL on VMEXIT
[    3.748730] kernel: Spectre V2 : mitigation: Enabling conditional Indirect Branch Prediction Barrier
[    3.748743] kernel: Speculative Store Bypass: Mitigation: Speculative Store Bypass disabled via prctl
[    3.748752] kernel: Register File Data Sampling: Mitigation: Clear Register File
[    3.748929] kernel: VMSCAPE: Mitigation: IBPB before exit to userspace
[    3.748946] kernel: x86/fpu: Supporting XSAVE feature 0x001: 'x87 floating point registers'
[    3.748954] kernel: x86/fpu: Supporting XSAVE feature 0x002: 'SSE registers'
[    3.748963] kernel: x86/fpu: Supporting XSAVE feature 0x004: 'AVX registers'
[    3.748972] kernel: x86/fpu: Supporting XSAVE feature 0x200: 'Protection Keys User registers'
[    3.748981] kernel: x86/fpu: Supporting XSAVE feature 0x800: 'Control-flow User registers'
[    3.749158] kernel: x86/fpu: xstate_offset[2]:  576, xstate_sizes[2]:  256
[    3.749170] kernel: x86/fpu: xstate_offset[9]:  832, xstate_sizes[9]:    8
[    3.749179] kernel: x86/fpu: xstate_offset[11]:  840, xstate_sizes[11]:   16
[    3.749187] kernel: x86/fpu: Enabled xstate features 0xa07, context size is 856 bytes, using 'compacted' format.
[    3.749366] kernel: Freeing SMP alternatives memory: 48K
[    3.749375] kernel: pid_max: default: 32768 minimum: 301
[    3.749383] kernel: LSM: initializing lsm=lockdown,capability,landlock,yama,apparmor,ima,evm
[    3.749392] kernel: landlock: Up and running.
[    3.749400] kernel: Yama: becoming mindful.
[    3.749409] kernel: AppArmor: AppArmor initialized
[    3.749586] kernel: Mount-cache hash table entries: 32768 (order: 6, 262144 bytes, linear)
[    3.749595] kernel: Mountpoint-cache hash table entries: 32768 (order: 6, 262144 bytes, linear)
[    3.749607] kernel: smpboot: CPU0: 13th Gen Intel(R) Core(TM) i5-1335U (family: 0x6, model: 0xba, stepping: 0x3)
[    3.749616] kernel: Performance Events: XSAVE Architectural LBR, PEBS fmt4+-baseline,  AnyThread deprecated, Alderlake Hybrid events, 32-deep LBR, full-width counters, Intel PMU driver.
[    3.749625] kernel: core: cpu_core PMU driver: 
[    3.749785] kernel: ... version:                5
[    3.749793] kernel: ... bit width:              48
[    3.749801] kernel: ... generic registers:      8
[    3.749809] kernel: ... value mask:             0000ffffffffffff
[    3.749818] kernel: ... max period:             00007fffffffffff
[    3.749826] kernel: ... fixed-purpose events:   4
[    3.750036] kernel: ... event mask:             0001000f000000ff
[    3.750048] kernel: signal: max sigframe size: 3632
[    3.750056] kernel: Estimated ratio of average max frequency by base frequency (times 1024): 1761
[    3.750063] kernel: rcu: Hierarchical SRCU implementation.
[    3.750073] kernel: rcu:         Max phase no-delay instances is 400.
[    3.750255] kernel: Timer migration: 2 hierarchy levels; 8 children per group; 2 crossnode level
[    3.750265] kernel: NMI watchdog: Enabled. Permanently consumes one hw-PMU counter.
[    3.750274] kernel: smp: Bringing up secondary CPUs ...
[    3.750284] kernel: smpboot: x86: Booting SMP configuration:
[    3.750294] kernel: .... node  #0, CPUs:        #2  #4  #5  #6  #7  #8  #9 #10 #11
[    3.750305] kernel: core: cpu_atom PMU driver: 
[    3.750315] kernel: ... version:                5
[    3.750323] kernel: ... bit width:              48
[    3.750331] kernel: ... generic registers:      6
[    3.750339] kernel: ... value mask:             0000ffffffffffff
[    3.750525] kernel: ... max period:             00007fffffffffff
[    3.750533] kernel: ... fixed-purpose events:   3
[    3.750545] kernel: ... event mask:             000000070000003f
[    3.750554] kernel:   #1  #3
[    3.750563] kernel: smp: Brought up 1 node, 12 CPUs
[    3.750572] kernel: smpboot: Total of 12 processors activated (59904.00 BogoMIPS)
[    3.750580] kernel: Memory: 15405556K/16439096K available (21796K kernel code, 4575K rwdata, 15828K rodata, 5012K init, 4552K bss, 1013084K reserved, 0K cma-reserved)
[    3.750589] kernel: devtmpfs: initialized
[    3.750597] kernel: x86/mm: Memory block size: 128MB
[    3.750606] kernel: ACPI: PM: Registering ACPI NVS region [mem 0x59e2f000-0x5aa2efff] (12582912 bytes)
[    3.750782] kernel: clocksource: jiffies: mask: 0xffffffff max_cycles: 0xffffffff, max_idle_ns: 1911260446275000 ns
[    3.750796] kernel: futex hash table entries: 4096 (order: 6, 262144 bytes, linear)
[    3.750808] kernel: pinctrl core: initialized pinctrl subsystem
[    3.750817] kernel: PM: RTC time: 08:58:50, date: 2026-03-31
[    3.750825] kernel: NET: Registered PF_NETLINK/PF_ROUTE protocol family
[    3.750834] kernel: DMA: preallocated 2048 KiB GFP_KERNEL pool for atomic allocations
[    3.750844] kernel: DMA: preallocated 2048 KiB GFP_KERNEL|GFP_DMA pool for atomic allocations
[    3.750852] kernel: DMA: preallocated 2048 KiB GFP_KERNEL|GFP_DMA32 pool for atomic allocations
[    3.750861] kernel: audit: initializing netlink subsys (disabled)
[    3.750869] kernel: audit: type=2000 audit(1774947530.025:1): state=initialized audit_enabled=0 res=1
[    3.750880] kernel: thermal_sys: Registered thermal governor 'fair_share'
[    3.750889] kernel: thermal_sys: Registered thermal governor 'bang_bang'
[    3.750897] kernel: thermal_sys: Registered thermal governor 'step_wise'
[    3.750905] kernel: thermal_sys: Registered thermal governor 'user_space'
[    3.750913] kernel: thermal_sys: Registered thermal governor 'power_allocator'
[    3.750921] kernel: cpuidle: using governor ladder
[    3.750929] kernel: cpuidle: using governor menu
[    3.750937] kernel: acpiphp: ACPI Hot Plug PCI Controller Driver version: 0.5
[    3.750946] kernel: PCI: ECAM [mem 0xc0000000-0xcfffffff] (base 0xc0000000) for domain 0000 [bus 00-ff]
[    3.750954] kernel: PCI: Using configuration type 1 for base access
[    3.750963] kernel: kprobes: kprobe jump-optimization is enabled. All kprobes are optimized if possible.
[    3.750971] kernel: HugeTLB: registered 1.00 GiB page size, pre-allocated 0 pages
[    3.750982] kernel: HugeTLB: 16380 KiB vmemmap can be freed for a 1.00 GiB page
[    3.750990] kernel: HugeTLB: registered 2.00 MiB page size, pre-allocated 0 pages
[    3.750998] kernel: HugeTLB: 28 KiB vmemmap can be freed for a 2.00 MiB page
[    3.751012] kernel: ACPI: Added _OSI(Module Device)
[    3.751020] kernel: ACPI: Added _OSI(Processor Device)
[    3.751029] kernel: ACPI: Added _OSI(Processor Aggregator Device)
[    3.751037] kernel: ACPI: 17 ACPI AML tables successfully acquired and loaded
[    3.751046] kernel: ACPI: EC: EC started
[    3.751054] kernel: ACPI: EC: interrupt blocked
[    3.751062] kernel: ACPI: EC: EC_CMD/EC_SC=0x66, EC_DATA=0x62
[    3.751074] kernel: ACPI: EC: Boot ECDT EC used to handle transactions
[    3.751082] kernel: ACPI: [Firmware Bug]: BIOS _OSI(Linux) query ignored
[    3.751090] kernel: ACPI: USB4 _OSC: OS supports USB3+ DisplayPort+ PCIe+ XDomain+
[    3.751099] kernel: ACPI: USB4 _OSC: OS controls USB3+ DisplayPort+ PCIe+ XDomain+
[    3.751109] kernel: ACPI: Dynamic OEM Table Load:
[    3.751118] kernel: ACPI: SSDT 0xFFFF8CE1421CF800 000394 (v02 PmRef  Cpu0Cst  00003001 INTL 20200717)
[    3.751126] kernel: ACPI: Dynamic OEM Table Load:
[    3.751135] kernel: ACPI: SSDT 0xFFFF8CE142167000 0005E4 (v02 PmRef  Cpu0Ist  00003000 INTL 20200717)
[    3.751145] kernel: ACPI: Dynamic OEM Table Load:
[    3.751153] kernel: ACPI: SSDT 0xFFFF8CE14204C800 0001AB (v02 PmRef  Cpu0Psd  00003000 INTL 20200717)
[    3.751163] kernel: ACPI: Dynamic OEM Table Load:
[    3.751171] kernel: ACPI: SSDT 0xFFFF8CE142164000 0004B5 (v02 PmRef  Cpu0Hwp  00003000 INTL 20200717)
[    3.751179] kernel: ACPI: Dynamic OEM Table Load:
[    3.751188] kernel: ACPI: SSDT 0xFFFF8CE1421D0000 001BAF (v02 PmRef  ApIst    00003000 INTL 20200717)
[    3.751197] kernel: ACPI: Dynamic OEM Table Load:
[    3.751205] kernel: ACPI: SSDT 0xFFFF8CE1421D2000 001038 (v02 PmRef  ApHwp    00003000 INTL 20200717)
[    3.751213] kernel: ACPI: Dynamic OEM Table Load:
[    3.751221] kernel: ACPI: SSDT 0xFFFF8CE1421D4000 001349 (v02 PmRef  ApPsd    00003000 INTL 20200717)
[    3.751232] kernel: ACPI: Dynamic OEM Table Load:
[    3.751247] kernel: ACPI: SSDT 0xFFFF8CE1421DF000 000FBB (v02 PmRef  ApCst    00003000 INTL 20200717)
[    3.751257] kernel: ACPI: Interpreter enabled
[    3.751265] kernel: ACPI: PM: (supports S0 S4 S5)
[    3.751276] kernel: ACPI: Using IOAPIC for interrupt routing
[    3.751287] kernel: PCI: Using host bridge windows from ACPI; if necessary, use "pci=nocrs" and report a bug
[    3.751299] kernel: PCI: Ignoring E820 reservations for host bridge windows
[    3.751307] kernel: ACPI: Enabled 10 GPEs in block 00 to 7F
[    3.751317] kernel: ACPI: \_SB_.PC00.PEG0.PXP_: New power resource
[    3.751329] kernel: ACPI: \_SB_.PC00.LPCB.EC__.PUBS: New power resource
[    3.751339] kernel: ACPI: \_SB_.PC00.XHCI.RHUB.HS10.BTRT: New power resource
[    3.751347] kernel: ACPI: \_SB_.PC00.CNVW.WRST: New power resource
[    3.751358] kernel: ACPI: \_SB_.PC00.TBT0: New power resource
[    3.751371] kernel: ACPI: \_SB_.PC00.TBT1: New power resource
[    3.751379] kernel: ACPI: \_SB_.PC00.D3C_: New power resource
[    3.751388] kernel: ACPI: \PIN_: New power resource
[    3.751397] kernel: ACPI: \PINP: New power resource
[    3.751405] kernel: ACPI: PCI Root Bridge [PC00] (domain 0000 [bus 00-fe])
[    3.751799] kernel: acpi PNP0A08:00: _OSC: OS supports [ExtendedConfig ASPM ClockPM Segments MSI EDR HPX-Type3]
[    3.752316] kernel: acpi PNP0A08:00: _OSC: platform does not support [AER]
[    3.752786] kernel: acpi PNP0A08:00: _OSC: OS now controls [PCIeHotplug SHPCHotplug PME PCIeCapability LTR DPC]
[    3.752799] kernel: PCI host bridge to bus 0000:00
[    3.753264] kernel: pci_bus 0000:00: root bus resource [io  0x0000-0x0cf7 window]
[    3.753733] kernel: pci_bus 0000:00: root bus resource [io  0x0d00-0xffff window]
[    3.754024] kernel: pci_bus 0000:00: root bus resource [mem 0x000a0000-0x000bffff window]
[    3.754312] kernel: pci_bus 0000:00: root bus resource [mem 0xa0800000-0xbfffffff window]
[    3.754774] kernel: pci_bus 0000:00: root bus resource [mem 0x4000000000-0x7fffffffff window]
[    3.755233] kernel: pci_bus 0000:00: root bus resource [bus 00-fe]
[    3.755552] kernel: pci 0000:00:00.0: [8086:a708] type 00 class 0x060000 conventional PCI endpoint
[    3.756052] kernel: pci 0000:00:02.0: [8086:a7a1] type 00 class 0x030000 PCIe Root Complex Integrated Endpoint
[    3.756527] kernel: pci 0000:00:02.0: BAR 0 [mem 0x601c000000-0x601cffffff 64bit]
[    3.757011] kernel: pci 0000:00:02.0: BAR 2 [mem 0x4000000000-0x400fffffff 64bit pref]
[    3.757651] kernel: pci 0000:00:02.0: BAR 4 [io  0x2000-0x203f]
[    3.758140] kernel: pci 0000:00:02.0: DMAR: Skip IOMMU disabling for graphics
[    3.758610] kernel: pci 0000:00:02.0: Video device with shadowed ROM at [mem 0x000c0000-0x000dffff]
[    3.758913] kernel: pci 0000:00:02.0: VF BAR 0 [mem 0x00000000-0x00ffffff 64bit]
[    3.759064] kernel: pci 0000:00:02.0: VF BAR 0 [mem 0x00000000-0x06ffffff 64bit]: contains BAR 0 for 7 VFs
[    3.759216] kernel: pci 0000:00:02.0: VF BAR 2 [mem 0x00000000-0x1fffffff 64bit pref]
[    3.759549] kernel: pci 0000:00:02.0: VF BAR 2 [mem 0x00000000-0xdfffffff 64bit pref]: contains BAR 2 for 7 VFs
[    3.760055] kernel: pci 0000:00:04.0: [8086:a71d] type 00 class 0x118000 conventional PCI endpoint
[    3.760683] kernel: pci 0000:00:04.0: BAR 0 [mem 0x601d140000-0x601d15ffff 64bit]
[    3.761164] kernel: pci 0000:00:06.0: [8086:a74d] type 01 class 0x060400 PCIe Root Port
[    3.761652] kernel: pci 0000:00:06.0: PCI bridge to [bus 01]
[    3.762119] kernel: pci 0000:00:06.0:   bridge window [mem 0xae200000-0xae2fffff]
[    3.762427] kernel: pci 0000:00:06.0: PME# supported from D0 D3hot D3cold
[    3.762889] kernel: pci 0000:00:06.0: PTM enabled (root), 4ns granularity
[    3.763203] kernel: pci 0000:00:07.0: [8086:a73f] type 01 class 0x060400 PCIe Root Port
[    3.763674] kernel: pci 0000:00:07.0: PCI bridge to [bus 02-2b]
[    3.763973] kernel: pci 0000:00:07.0:   bridge window [mem 0xa2000000-0xae1fffff]
[    3.764277] kernel: pci 0000:00:07.0:   bridge window [mem 0x6000000000-0x601bffffff 64bit pref]
[    3.764756] kernel: pci 0000:00:07.0: PME# supported from D0 D3hot D3cold
[    3.765393] kernel: pci 0000:00:07.0: PTM enabled (root), 4ns granularity
[    3.765848] kernel: pci 0000:00:08.0: [8086:a74f] type 00 class 0x088000 conventional PCI endpoint
[    3.766309] kernel: pci 0000:00:08.0: BAR 0 [mem 0x601d192000-0x601d192fff 64bit]
[    3.766773] kernel: pci 0000:00:0d.0: [8086:a71e] type 00 class 0x0c0330 conventional PCI endpoint
[    3.767236] kernel: pci 0000:00:0d.0: BAR 0 [mem 0x601d170000-0x601d17ffff 64bit]
[    3.767846] kernel: pci 0000:00:0d.0: PME# supported from D3hot D3cold
[    3.768325] kernel: pci 0000:00:0d.2: [8086:a73e] type 00 class 0x0c0340 conventional PCI endpoint
[    3.768806] kernel: pci 0000:00:0d.2: BAR 0 [mem 0x601d100000-0x601d13ffff 64bit]
[    3.769321] kernel: pci 0000:00:0d.2: BAR 2 [mem 0x601d191000-0x601d191fff 64bit]
[    3.769959] kernel: pci 0000:00:0d.2: supports D1 D2
[    3.770464] kernel: pci 0000:00:0d.2: PME# supported from D0 D1 D2 D3hot D3cold
[    3.770969] kernel: pci 0000:00:14.0: [8086:51ed] type 00 class 0x0c0330 conventional PCI endpoint
[    3.771435] kernel: pci 0000:00:14.0: BAR 0 [mem 0x601d160000-0x601d16ffff 64bit]
[    3.771681] kernel: pci 0000:00:14.0: PME# supported from D3hot D3cold
[    3.771920] kernel: pci 0000:00:14.2: [8086:51ef] type 00 class 0x050000 conventional PCI endpoint
[    3.772158] kernel: pci 0000:00:14.2: BAR 0 [mem 0x601d188000-0x601d18bfff 64bit]
[    3.772402] kernel: pci 0000:00:14.2: BAR 2 [mem 0x601d190000-0x601d190fff 64bit]
[    3.772641] kernel: pci 0000:00:14.3: [8086:51f1] type 00 class 0x028000 PCIe Root Complex Integrated Endpoint
[    3.772940] kernel: pci 0000:00:14.3: BAR 0 [mem 0x601d184000-0x601d187fff 64bit]
[    3.773131] kernel: pci 0000:00:14.3: PME# supported from D0 D3hot D3cold
[    3.773289] kernel: pci 0000:00:15.0: [8086:51e8] type 00 class 0x0c8000 conventional PCI endpoint
[    3.773461] kernel: pci 0000:00:15.0: BAR 0 [mem 0x00000000-0x00000fff 64bit]
[    3.773559] kernel: pci 0000:00:15.2: [8086:51ea] type 00 class 0x0c8000 conventional PCI endpoint
[    3.773627] kernel: pci 0000:00:15.2: BAR 0 [mem 0x00000000-0x00000fff 64bit]
[    3.773692] kernel: pci 0000:00:16.0: [8086:51e0] type 00 class 0x078000 conventional PCI endpoint
[    3.773755] kernel: pci 0000:00:16.0: BAR 0 [mem 0x601d18d000-0x601d18dfff 64bit]
[    3.773816] kernel: pci 0000:00:16.0: PME# supported from D3hot
[    3.773880] kernel: pci 0000:00:1f.0: [8086:519d] type 00 class 0x060100 conventional PCI endpoint
[    3.773947] kernel: pci 0000:00:1f.3: [8086:51ca] type 00 class 0x040100 conventional PCI endpoint
[    3.774015] kernel: pci 0000:00:1f.3: BAR 0 [mem 0x601d180000-0x601d183fff 64bit]
[    3.774195] kernel: pci 0000:00:1f.3: BAR 4 [mem 0x601d000000-0x601d0fffff 64bit]
[    3.774352] kernel: pci 0000:00:1f.3: PME# supported from D3hot D3cold
[    3.774504] kernel: pci 0000:00:1f.4: [8086:51a3] type 00 class 0x0c0500 conventional PCI endpoint
[    3.774649] kernel: pci 0000:00:1f.4: BAR 0 [mem 0x601d18c000-0x601d18c0ff 64bit]
[    3.774791] kernel: pci 0000:00:1f.4: BAR 4 [io  0xefa0-0xefbf]
[    3.774944] kernel: pci 0000:00:1f.5: [8086:51a4] type 00 class 0x0c8000 conventional PCI endpoint
[    3.775094] kernel: pci 0000:00:1f.5: BAR 0 [mem 0xfe010000-0xfe010fff]
[    3.775163] kernel: pci 0000:00:1f.6: [8086:0dc6] type 00 class 0x020000 conventional PCI endpoint
[    3.775225] kernel: pci 0000:00:1f.6: BAR 0 [mem 0xae300000-0xae31ffff]
[    3.775287] kernel: pci 0000:00:1f.6: PME# supported from D0 D3hot D3cold
[    3.775356] kernel: pci 0000:01:00.0: [15b7:5016] type 00 class 0x010802 PCIe Endpoint
[    3.775422] kernel: pci 0000:01:00.0: BAR 0 [mem 0xae200000-0xae203fff 64bit]
[    3.775487] kernel: pci 0000:00:06.0: PCI bridge to [bus 01]
[    3.775549] kernel: pci 0000:00:07.0: PCI bridge to [bus 02-2b]
[    3.775554] kernel: ACPI: \_SB_.PEPD: Duplicate LPS0 _DSM functions (mask: 0x79)
[    3.775559] kernel: Low-power S0 idle used by default for system suspend
[    3.775564] kernel: ACPI: EC: interrupt unblocked
[    3.775567] kernel: ACPI: EC: event unblocked
[    3.775571] kernel: ACPI: EC: EC_CMD/EC_SC=0x66, EC_DATA=0x62
[    3.775576] kernel: ACPI: EC: GPE=0x6e
[    3.775581] kernel: ACPI: \_SB_.PC00.LPCB.EC__: Boot ECDT EC initialization complete
[    3.775585] kernel: ACPI: \_SB_.PC00.LPCB.EC__: EC: Used to handle transactions and events
[    3.775589] kernel: iommu: Default domain type: Translated
[    3.775593] kernel: iommu: DMA domain TLB invalidation policy: lazy mode
[    3.775596] kernel: SCSI subsystem initialized
[    3.775600] kernel: libata version 3.00 loaded.
[    3.775605] kernel: ACPI: bus type USB registered
[    3.775609] kernel: usbcore: registered new interface driver usbfs
[    3.775612] kernel: usbcore: registered new interface driver hub
[    3.775616] kernel: usbcore: registered new device driver usb
[    3.775621] kernel: pps_core: LinuxPPS API ver. 1 registered
[    3.775625] kernel: pps_core: Software ver. 5.3.6 - Copyright 2005-2007 Rodolfo Giometti <giometti@linux.it>
[    3.775629] kernel: PTP clock support registered
[    3.775633] kernel: EDAC MC: Ver: 3.0.0
[    3.775636] kernel: efivars: Registered efivars operations
[    3.775640] kernel: NetLabel: Initializing
[    3.775644] kernel: NetLabel:  domain hash size = 128
[    3.775648] kernel: NetLabel:  protocols = UNLABELED CIPSOv4 CALIPSO
[    3.775653] kernel: NetLabel:  unlabeled traffic allowed by default
[    3.775659] kernel: mctp: management component transport protocol core
[    3.775662] kernel: NET: Registered PF_MCTP protocol family
[    3.775666] kernel: PCI: Using ACPI for IRQ routing
[    3.775669] kernel: PCI: pci_cache_line_size set to 64 bytes
[    3.775731] kernel: pci 0000:00:1f.5: BAR 0 [mem 0xfe010000-0xfe010fff]: can't claim; no compatible bridge window
[    3.775736] kernel: e820: reserve RAM buffer [mem 0x0009f000-0x0009ffff]
[    3.775739] kernel: e820: reserve RAM buffer [mem 0x59e2f000-0x5bffffff]
[    3.775743] kernel: e820: reserve RAM buffer [mem 0x891ac000-0x8bffffff]
[    3.775747] kernel: e820: reserve RAM buffer [mem 0x8a921000-0x8bffffff]
[    3.775752] kernel: e820: reserve RAM buffer [mem 0x8f4ff000-0x8fffffff]
[    3.775756] kernel: e820: reserve RAM buffer [mem 0x93000000-0x93ffffff]
[    3.775760] kernel: e820: reserve RAM buffer [mem 0x45f800000-0x45fffffff]
[    3.775822] kernel: pci 0000:00:02.0: vgaarb: setting as boot VGA device
[    3.775884] kernel: pci 0000:00:02.0: vgaarb: bridge control possible
[    3.775945] kernel: pci 0000:00:02.0: vgaarb: VGA device added: decodes=io+mem,owns=mem,locks=none
[    3.775949] kernel: vgaarb: loaded
[    3.775952] kernel: clocksource: Switched to clocksource tsc-early
[    3.775955] kernel: VFS: Disk quotas dquot_6.6.0
[    3.775959] kernel: VFS: Dquot-cache hash table entries: 512 (order 0, 4096 bytes)
[    3.775964] kernel: AppArmor: AppArmor Filesystem Enabled
[    3.775969] kernel: pnp: PnP ACPI init
[    3.776037] kernel: system 00:00: [io  0x0680-0x069f] has been reserved
[    3.776097] kernel: system 00:00: [io  0x164e-0x164f] has been reserved
[    3.776150] kernel: system 00:01: [io  0x1854-0x1857] has been reserved
[    3.776201] kernel: pnp 00:04: disabling [mem 0xc0000000-0xcfffffff] because it overlaps 0000:00:02.0 BAR 9 [mem 0x00000000-0xdfffffff 64bit pref]
[    3.776254] kernel: system 00:04: [io  0x1800-0x189f] could not be reserved
[    3.776307] kernel: system 00:04: [io  0x0800-0x087f] has been reserved
[    3.776358] kernel: system 00:04: [io  0x0880-0x08ff] has been reserved
[    3.776409] kernel: system 00:04: [io  0x0900-0x097f] has been reserved
[    3.776458] kernel: system 00:04: [io  0x0980-0x09ff] has been reserved
[    3.776506] kernel: system 00:04: [io  0x0a00-0x0a7f] has been reserved
[    3.776554] kernel: system 00:04: [io  0x0a80-0x0aff] has been reserved
[    3.776601] kernel: system 00:04: [io  0x0b00-0x0b7f] has been reserved
[    3.776649] kernel: system 00:04: [io  0x0b80-0x0bff] has been reserved
[    3.776710] kernel: system 00:04: [mem 0xfed10000-0xfed13fff] has been reserved
[    3.776762] kernel: system 00:04: [mem 0xfed18000-0xfed18fff] has been reserved
[    3.776820] kernel: system 00:04: [mem 0xfed19000-0xfed19fff] has been reserved
[    3.776872] kernel: system 00:04: [mem 0xfeb00000-0xfebfffff] has been reserved
[    3.776926] kernel: system 00:04: [mem 0xfed20000-0xfed3ffff] has been reserved
[    3.776980] kernel: system 00:04: [mem 0xfed90000-0xfed93fff] has been reserved
[    3.777037] kernel: pnp 00:05: disabling [mem 0xc0000000-0xcfffffff] because it overlaps 0000:00:02.0 BAR 9 [mem 0x00000000-0xdfffffff 64bit pref]
[    3.777091] kernel: system 00:05: [mem 0xfedc0000-0xfedc7fff] has been reserved
[    3.777150] kernel: system 00:05: [mem 0xfeda0000-0xfeda0fff] has been reserved
[    3.777201] kernel: system 00:05: [mem 0xfeda1000-0xfeda1fff] has been reserved
[    3.777253] kernel: system 00:05: [mem 0xfed20000-0xfed7ffff] could not be reserved
[    3.777304] kernel: system 00:05: [mem 0xfed90000-0xfed93fff] has been reserved
[    3.777357] kernel: system 00:05: [mem 0xfed45000-0xfed8ffff] could not be reserved
[    3.777408] kernel: system 00:05: [mem 0xfee00000-0xfeefffff] has been reserved
[    3.777461] kernel: system 00:06: [io  0xff00-0xfffe] has been reserved
[    3.777517] kernel: pnp 00:08: disabling [mem 0x000c0000-0x000c3fff] because it overlaps 0000:00:02.0 BAR 6 [mem 0x000c0000-0x000dffff]
[    3.777571] kernel: pnp 00:08: disabling [mem 0x000c8000-0x000cbfff] because it overlaps 0000:00:02.0 BAR 6 [mem 0x000c0000-0x000dffff]
[    3.777624] kernel: pnp 00:08: disabling [mem 0x000d0000-0x000d3fff] because it overlaps 0000:00:02.0 BAR 6 [mem 0x000c0000-0x000dffff]
[    3.777677] kernel: pnp 00:08: disabling [mem 0x000d8000-0x000dbfff] because it overlaps 0000:00:02.0 BAR 6 [mem 0x000c0000-0x000dffff]
[    3.777731] kernel: pnp 00:08: disabling [mem 0x00000000-0x0009ffff] because it overlaps 0000:00:02.0 BAR 7 [mem 0x00000000-0x06ffffff 64bit]
[    3.777784] kernel: pnp 00:08: disabling [mem 0x000c0000-0x000c3fff disabled] because it overlaps 0000:00:02.0 BAR 7 [mem 0x00000000-0x06ffffff 64bit]
[    3.777840] kernel: pnp 00:08: disabling [mem 0x000c8000-0x000cbfff disabled] because it overlaps 0000:00:02.0 BAR 7 [mem 0x00000000-0x06ffffff 64bit]
[    3.777896] kernel: pnp 00:08: disabling [mem 0x000d0000-0x000d3fff disabled] because it overlaps 0000:00:02.0 BAR 7 [mem 0x00000000-0x06ffffff 64bit]
[    3.777951] kernel: pnp 00:08: disabling [mem 0x000d8000-0x000dbfff disabled] because it overlaps 0000:00:02.0 BAR 7 [mem 0x00000000-0x06ffffff 64bit]
[    3.778009] kernel: pnp 00:08: disabling [mem 0x000e0000-0x000e3fff] because it overlaps 0000:00:02.0 BAR 7 [mem 0x00000000-0x06ffffff 64bit]
[    3.778178] kernel: pnp 00:08: disabling [mem 0x000e8000-0x000ebfff] because it overlaps 0000:00:02.0 BAR 7 [mem 0x00000000-0x06ffffff 64bit]
[    3.778312] kernel: pnp 00:08: disabling [mem 0x000f0000-0x000fffff] because it overlaps 0000:00:02.0 BAR 7 [mem 0x00000000-0x06ffffff 64bit]
[    3.778436] kernel: pnp 00:08: disabling [mem 0x00100000-0xa07fffff] because it overlaps 0000:00:02.0 BAR 7 [mem 0x00000000-0x06ffffff 64bit]
[    3.778562] kernel: pnp 00:08: disabling [mem 0x00000000-0x0009ffff disabled] because it overlaps 0000:00:02.0 BAR 9 [mem 0x00000000-0xdfffffff 64bit pref]
[    3.778682] kernel: pnp 00:08: disabling [mem 0x000c0000-0x000c3fff disabled] because it overlaps 0000:00:02.0 BAR 9 [mem 0x00000000-0xdfffffff 64bit pref]
[    3.778800] kernel: pnp 00:08: disabling [mem 0x000c8000-0x000cbfff disabled] because it overlaps 0000:00:02.0 BAR 9 [mem 0x00000000-0xdfffffff 64bit pref]
[    3.778918] kernel: pnp 00:08: disabling [mem 0x000d0000-0x000d3fff disabled] because it overlaps 0000:00:02.0 BAR 9 [mem 0x00000000-0xdfffffff 64bit pref]
[    3.779042] kernel: pnp 00:08: disabling [mem 0x000d8000-0x000dbfff disabled] because it overlaps 0000:00:02.0 BAR 9 [mem 0x00000000-0xdfffffff 64bit pref]
[    3.779163] kernel: pnp 00:08: disabling [mem 0x000e0000-0x000e3fff disabled] because it overlaps 0000:00:02.0 BAR 9 [mem 0x00000000-0xdfffffff 64bit pref]
[    3.779280] kernel: pnp 00:08: disabling [mem 0x000e8000-0x000ebfff disabled] because it overlaps 0000:00:02.0 BAR 9 [mem 0x00000000-0xdfffffff 64bit pref]
[    3.779404] kernel: pnp 00:08: disabling [mem 0x000f0000-0x000fffff disabled] because it overlaps 0000:00:02.0 BAR 9 [mem 0x00000000-0xdfffffff 64bit pref]
[    3.779521] kernel: pnp 00:08: disabling [mem 0x00100000-0xa07fffff disabled] because it overlaps 0000:00:02.0 BAR 9 [mem 0x00000000-0xdfffffff 64bit pref]
[    3.779638] kernel: system 00:08: [mem 0xfec00000-0xfed3ffff] could not be reserved
[    3.779757] kernel: system 00:08: [mem 0xfed4c000-0xffffffff] could not be reserved
[    3.779768] kernel: pnp: PnP ACPI: found 9 devices
[    3.779778] kernel: clocksource: acpi_pm: mask: 0xffffff max_cycles: 0xffffff, max_idle_ns: 2085701024 ns
[    3.779788] kernel: NET: Registered PF_INET protocol family
[    3.779799] kernel: IP idents hash table entries: 262144 (order: 9, 2097152 bytes, linear)
[    3.779810] kernel: tcp_listen_portaddr_hash hash table entries: 8192 (order: 5, 131072 bytes, linear)
[    3.779820] kernel: Table-perturb hash table entries: 65536 (order: 6, 262144 bytes, linear)
[    3.779829] kernel: TCP established hash table entries: 131072 (order: 8, 1048576 bytes, linear)
[    3.779837] kernel: TCP bind hash table entries: 65536 (order: 9, 2097152 bytes, linear)
[    3.779845] kernel: TCP: Hash tables configured (established 131072 bind 65536)
[    3.779855] kernel: MPTCP token hash table entries: 16384 (order: 6, 393216 bytes, linear)
[    3.779863] kernel: UDP hash table entries: 8192 (order: 7, 524288 bytes, linear)
[    3.779872] kernel: UDP-Lite hash table entries: 8192 (order: 7, 524288 bytes, linear)
[    3.779880] kernel: NET: Registered PF_UNIX/PF_LOCAL protocol family
[    3.779892] kernel: NET: Registered PF_XDP protocol family
[    3.780026] kernel: pci_bus 0000:00: max bus depth: 1 pci_try_num: 2
[    3.780178] kernel: pci 0000:00:02.0: VF BAR 2 [mem 0x4020000000-0x40ffffffff 64bit pref]: assigned
[    3.780322] kernel: pci 0000:00:02.0: VF BAR 0 [mem 0x4010000000-0x4016ffffff 64bit]: assigned
[    3.780481] kernel: pci 0000:00:07.0: bridge window [io  0x3000-0x3fff]: assigned
[    3.780631] kernel: pci 0000:00:15.0: BAR 0 [mem 0x4017000000-0x4017000fff 64bit]: assigned
[    3.780776] kernel: pci 0000:00:15.2: BAR 0 [mem 0x4017001000-0x4017001fff 64bit]: assigned
[    3.780918] kernel: pci 0000:00:1f.5: BAR 0 [mem 0xa0800000-0xa0800fff]: assigned
[    3.781066] kernel: pci 0000:00:06.0: PCI bridge to [bus 01]
[    3.781209] kernel: pci 0000:00:06.0:   bridge window [mem 0xae200000-0xae2fffff]
[    3.781349] kernel: pci 0000:00:07.0: PCI bridge to [bus 02-2b]
[    3.781484] kernel: pci 0000:00:07.0:   bridge window [io  0x3000-0x3fff]
[    3.781623] kernel: pci 0000:00:07.0:   bridge window [mem 0xa2000000-0xae1fffff]
[    3.781760] kernel: pci 0000:00:07.0:   bridge window [mem 0x6000000000-0x601bffffff 64bit pref]
[    3.781880] kernel: pci_bus 0000:00: resource 4 [io  0x0000-0x0cf7 window]
[    3.781993] kernel: pci_bus 0000:00: resource 5 [io  0x0d00-0xffff window]
[    3.782114] kernel: pci_bus 0000:00: resource 6 [mem 0x000a0000-0x000bffff window]
[    3.782232] kernel: pci_bus 0000:00: resource 7 [mem 0xa0800000-0xbfffffff window]
[    3.782346] kernel: pci_bus 0000:00: resource 8 [mem 0x4000000000-0x7fffffffff window]
[    3.782469] kernel: pci_bus 0000:01: resource 1 [mem 0xae200000-0xae2fffff]
[    3.782589] kernel: pci_bus 0000:02: resource 0 [io  0x3000-0x3fff]
[    3.782706] kernel: pci_bus 0000:02: resource 1 [mem 0xa2000000-0xae1fffff]
[    3.782822] kernel: pci_bus 0000:02: resource 2 [mem 0x6000000000-0x601bffffff 64bit pref]
[    3.782962] kernel: pci 0000:00:0d.0: enabling device (0000 -> 0002)
[    3.782977] kernel: PCI: CLS 0 bytes, default 64
[    3.782986] kernel: PCI-DMA: Using software bounce buffering for IO (SWIOTLB)
[    3.782994] kernel: software IO TLB: mapped [mem 0x0000000065000000-0x0000000069000000] (64MB)
[    3.783009] kernel: Trying to unpack rootfs image as initramfs...
[    3.783020] kernel: clocksource: tsc: mask: 0xffffffffffffffff max_cycles: 0x23fa772cf26, max_idle_ns: 440795269835 ns
[    3.783028] kernel: clocksource: Switched to clocksource tsc
[    3.783167] kernel: platform rtc_cmos: registered platform RTC device (no PNP device found)
[    3.783180] kernel: Initialise system trusted keyrings
[    3.783192] kernel: Key type blacklist registered
[    3.783201] kernel: workingset: timestamp_bits=36 max_order=22 bucket_order=0
[    3.783209] kernel: zbud: loaded
[    3.783218] kernel: squashfs: version 4.0 (2009/01/31) Phillip Lougher
[    3.783227] kernel: fuse: init (API version 7.42)
[    3.783235] kernel: integrity: Platform Keyring initialized
[    3.783244] kernel: integrity: Machine keyring initialized
[    3.783252] kernel: Key type asymmetric registered
[    3.783261] kernel: Asymmetric key parser 'x509' registered
[    3.783271] kernel: Block layer SCSI generic (bsg) driver version 0.4 loaded (major 243)
[    3.783280] kernel: io scheduler mq-deadline registered
[    3.783289] kernel: ledtrig-cpu: registered to indicate activity on CPUs
[    3.783433] kernel: pcieport 0000:00:06.0: PME: Signaling with IRQ 120
[    3.783584] kernel: pcieport 0000:00:07.0: PME: Signaling with IRQ 121
[    3.783725] kernel: pcieport 0000:00:07.0: pciehp: Slot #4 AttnBtn- PwrCtrl- MRL- AttnInd- PwrInd- HotPlug+ Surprise+ Interlock- NoCompl+ IbPresDis- LLActRep+
[    3.783738] kernel: shpchp: Standard Hot Plug PCI Controller Driver version: 0.4
[    3.783747] kernel: Monitor-Mwait will be used to enter C-1 state
[    3.783759] kernel: Monitor-Mwait will be used to enter C-2 state
[    3.783767] kernel: Monitor-Mwait will be used to enter C-3 state
[    3.783775] kernel: ACPI: AC: AC Adapter [AC] (on-line)
[    3.783783] kernel: input: Sleep Button as /devices/LNXSYSTM:00/LNXSYBUS:00/PNP0C0E:00/input/input0
[    3.783792] kernel: ACPI: button: Sleep Button [SLPB]
[    3.783800] kernel: input: Lid Switch as /devices/LNXSYSTM:00/LNXSYBUS:00/PNP0C0D:00/input/input1
[    3.783809] kernel: ACPI: button: Lid Switch [LID]
[    3.783818] kernel: input: Power Button as /devices/LNXSYSTM:00/LNXSYBUS:00/PNP0C0C:00/input/input2
[    3.783827] kernel: ACPI: button: Power Button [PWRB]
[    3.783983] kernel: thermal LNXTHERM:00: registered as thermal_zone0
[    3.783995] kernel: ACPI: thermal: Thermal Zone [THM0] (56 C)
[    3.784009] kernel: Serial: 8250/16550 driver, 32 ports, IRQ sharing enabled
[    3.784018] kernel: hpet_acpi_add: no address or irqs in _CRS
[    3.784027] kernel: Linux agpgart interface v0.103
[    3.784177] kernel: tpm_tis STM0176:00: 2.0 TPM (device-id 0x0, rev-id 78)
[    3.784191] kernel: ACPI: battery: Slot [BAT0] (battery present)
[    3.784222] kernel: loop: module loaded
[    3.784230] kernel: ACPI: bus type drm_connector registered
[    3.784234] kernel: tun: Universal TUN/TAP device driver, 1.6
[    3.784238] kernel: PPP generic driver version 2.4.2
[    3.784326] kernel: xhci_hcd 0000:00:0d.0: xHCI Host Controller
[    3.784396] kernel: xhci_hcd 0000:00:0d.0: new USB bus registered, assigned bus number 1
[    3.784461] kernel: xhci_hcd 0000:00:0d.0: hcc params 0x20007fc1 hci version 0x120 quirks 0x0000000200009810
[    3.784525] kernel: xhci_hcd 0000:00:0d.0: xHCI Host Controller
[    3.784587] kernel: xhci_hcd 0000:00:0d.0: new USB bus registered, assigned bus number 2
[    3.784651] kernel: xhci_hcd 0000:00:0d.0: Host supports USB 3.2 Enhanced SuperSpeed
[    3.784730] kernel: usb usb1: New USB device found, idVendor=1d6b, idProduct=0002, bcdDevice= 6.14
[    3.784797] kernel: usb usb1: New USB device strings: Mfr=3, Product=2, SerialNumber=1
[    3.784862] kernel: usb usb1: Product: xHCI Host Controller
[    3.784923] kernel: usb usb1: Manufacturer: Linux 6.14.0-37-generic xhci-hcd
[    3.784985] kernel: usb usb1: SerialNumber: 0000:00:0d.0
[    3.785069] kernel: hub 1-0:1.0: USB hub found
[    3.785139] kernel: hub 1-0:1.0: 1 port detected
[    3.785204] kernel: usb usb2: New USB device found, idVendor=1d6b, idProduct=0003, bcdDevice= 6.14
[    3.785267] kernel: usb usb2: New USB device strings: Mfr=3, Product=2, SerialNumber=1
[    3.785328] kernel: usb usb2: Product: xHCI Host Controller
[    3.785391] kernel: usb usb2: Manufacturer: Linux 6.14.0-37-generic xhci-hcd
[    3.785453] kernel: usb usb2: SerialNumber: 0000:00:0d.0
[    3.785523] kernel: hub 2-0:1.0: USB hub found
[    3.785591] kernel: hub 2-0:1.0: 4 ports detected
[    3.785660] kernel: xhci_hcd 0000:00:14.0: xHCI Host Controller
[    3.785726] kernel: xhci_hcd 0000:00:14.0: new USB bus registered, assigned bus number 3
[    3.785790] kernel: xhci_hcd 0000:00:14.0: hcc params 0x20007fc1 hci version 0x120 quirks 0x0000100200009810
[    3.785855] kernel: xhci_hcd 0000:00:14.0: xHCI Host Controller
[    3.785917] kernel: xhci_hcd 0000:00:14.0: new USB bus registered, assigned bus number 4
[    3.785987] kernel: xhci_hcd 0000:00:14.0: Host supports USB 3.1 Enhanced SuperSpeed
[    3.786062] kernel: usb usb3: New USB device found, idVendor=1d6b, idProduct=0002, bcdDevice= 6.14
[    3.786129] kernel: usb usb3: New USB device strings: Mfr=3, Product=2, SerialNumber=1
[    3.786192] kernel: usb usb3: Product: xHCI Host Controller
[    3.786255] kernel: usb usb3: Manufacturer: Linux 6.14.0-37-generic xhci-hcd
[    3.786317] kernel: usb usb3: SerialNumber: 0000:00:14.0
[    3.786398] kernel: hub 3-0:1.0: USB hub found
[    3.786471] kernel: hub 3-0:1.0: 12 ports detected
[    3.786537] kernel: usb usb4: New USB device found, idVendor=1d6b, idProduct=0003, bcdDevice= 6.14
[    3.786604] kernel: usb usb4: New USB device strings: Mfr=3, Product=2, SerialNumber=1
[    3.786668] kernel: usb usb4: Product: xHCI Host Controller
[    3.786731] kernel: usb usb4: Manufacturer: Linux 6.14.0-37-generic xhci-hcd
[    3.786791] kernel: usb usb4: SerialNumber: 0000:00:14.0
[    3.786862] kernel: hub 4-0:1.0: USB hub found
[    3.786931] kernel: hub 4-0:1.0: 4 ports detected
[    3.786937] kernel: i8042: PNP: PS/2 Controller [PNP0303:KBD,PNP0f13:MOU] at 0x60,0x64 irq 1,12
[    3.786942] kernel: serio: i8042 KBD port at 0x60,0x64 irq 1
[    3.786946] kernel: serio: i8042 AUX port at 0x60,0x64 irq 12
[    3.786950] kernel: mousedev: PS/2 mouse device common for all mice
[    3.787019] kernel: rtc_cmos rtc_cmos: RTC can wake from S4
[    3.787077] kernel: rtc_cmos rtc_cmos: registered as rtc0
[    3.787082] kernel: input: AT Translated Set 2 keyboard as /devices/platform/i8042/serio0/input/input3
[    3.787139] kernel: rtc_cmos rtc_cmos: setting system clock to 2026-03-31T08:58:51 UTC (1774947531)
[    3.787194] kernel: rtc_cmos rtc_cmos: alarms up to one month, y3k, 114 bytes nvram
[    3.787201] kernel: i2c_dev: i2c /dev entries driver
[    3.787205] kernel: device-mapper: core: CONFIG_IMA_DISABLE_HTABLE is disabled. Duplicate IMA measurements will not be recorded in the IMA log.
[    3.787209] kernel: device-mapper: uevent: version 1.0.3
[    3.787213] kernel: device-mapper: ioctl: 4.49.0-ioctl (2025-01-17) initialised: dm-devel@lists.linux.dev
[    3.787217] kernel: intel_pstate: Intel P-state driver initializing
[    3.787221] kernel: intel_pstate: HWP enabled
[    3.787281] kernel: simple-framebuffer simple-framebuffer.0: [drm] Registered 1 planes with drm panic
[    3.787287] kernel: [drm] Initialized simpledrm 1.0.0 for simple-framebuffer.0 on minor 0
[    3.787292] kernel: fbcon: Deferring console take-over
[    3.787349] kernel: simple-framebuffer simple-framebuffer.0: [drm] fb0: simpledrmdrmfb frame buffer device
[    3.787355] kernel: drop_monitor: Initializing network drop monitor service
[    3.787358] kernel: NET: Registered PF_INET6 protocol family
[    3.787362] kernel: Freeing initrd memory: 78784K
[    3.787366] kernel: Segment Routing with IPv6
[    3.787369] kernel: In-situ OAM (IOAM) with IPv6
[    3.787373] kernel: NET: Registered PF_PACKET protocol family
[    3.787377] kernel: Key type dns_resolver registered
[    3.787382] kernel: ENERGY_PERF_BIAS: Set to 'normal', was 'performance'
[    3.787387] kernel: microcode: Current revision: 0x00004129
[    3.787390] kernel: microcode: Updated early from: 0x00004121
[    3.787395] kernel: IPI shorthand broadcast: enabled
[    3.787398] kernel: sched_clock: Marking stable (1603001189, 20270161)->(1694323633, -71052283)
[    3.787402] kernel: registered taskstats version 1
[    3.787406] kernel: Loading compiled-in X.509 certificates
[    3.787410] kernel: Loaded X.509 cert 'Build time autogenerated kernel key: d58642ef3ae3c493f5a8caf7c25937203c757ff9'
[    3.787414] kernel: Loaded X.509 cert 'Canonical Ltd. Live Patch Signing 2025 Kmod: d541cef61dc7e793b7eb7e899970a2eef0b5dc8c'
[    3.787418] kernel: Loaded X.509 cert 'Canonical Ltd. Live Patch Signing: 14df34d1a87cf37625abec039ef2bf521249b969'
[    3.787422] kernel: Loaded X.509 cert 'Canonical Ltd. Kernel Module Signing: 88f752e560a1e0737e31163a466ad7b70a850c19'
[    3.787427] kernel: blacklist: Loading compiled-in revocation X.509 certificates
[    3.787431] kernel: Loaded X.509 cert 'Canonical Ltd. Secure Boot Signing: 61482aa2830d0ab2ad5af10b7250da9033ddcef0'
[    3.787435] kernel: Loaded X.509 cert 'Canonical Ltd. Secure Boot Signing (2017): 242ade75ac4a15e50d50c84b0d45ff3eae707a03'
[    3.787438] kernel: Loaded X.509 cert 'Canonical Ltd. Secure Boot Signing (ESM 2018): 365188c1d374d6b07c3c8f240f8ef722433d6a8b'
[    3.787442] kernel: Loaded X.509 cert 'Canonical Ltd. Secure Boot Signing (2019): c0746fd6c5da3ae827864651ad66ae47fe24b3e8'
[    3.787446] kernel: Loaded X.509 cert 'Canonical Ltd. Secure Boot Signing (2021 v1): a8d54bbb3825cfb94fa13c9f8a594a195c107b8d'
[    3.787451] kernel: Loaded X.509 cert 'Canonical Ltd. Secure Boot Signing (2021 v2): 4cf046892d6fd3c9a5b03f98d845f90851dc6a8c'
[    3.787455] kernel: Loaded X.509 cert 'Canonical Ltd. Secure Boot Signing (2021 v3): 100437bb6de6e469b581e61cd66bce3ef4ed53af'
[    3.787458] kernel: Loaded X.509 cert 'Canonical Ltd. Secure Boot Signing (Ubuntu Core 2019): c1d57b8f6b743f23ee41f4f7ee292f06eecadfb9'
[    3.787462] kernel: Demotion targets for Node 0: null
[    3.787466] kernel: Key type .fscrypt registered
[    3.787470] kernel: Key type fscrypt-provisioning registered
[    3.787474] kernel: Key type trusted registered
[    3.787477] kernel: Key type encrypted registered
[    3.787482] kernel: AppArmor: AppArmor sha256 policy hashing enabled
[    3.787486] kernel: integrity: Loading X.509 certificate: UEFI:db
[    3.787491] kernel: integrity: Loaded X.509 cert 'Lenovo Ltd.: ThinkPad Product CA 2012: 838b1f54c1550463f45f98700640f11069265949'
[    3.787495] kernel: integrity: Loading X.509 certificate: UEFI:db
[    3.787498] kernel: integrity: Loaded X.509 cert 'Lenovo UEFI CA 2014: 4b91a68732eaefdd2c8ffffc6b027ec3449e9c8f'
[    3.787502] kernel: integrity: Loading X.509 certificate: UEFI:db
[    3.787505] kernel: integrity: Loaded X.509 cert 'Microsoft Windows Production PCA 2011: a92902398e16c49778cd90f99e4f9ae17c55af53'
[    3.787509] kernel: integrity: Loading X.509 certificate: UEFI:db
[    3.787513] kernel: integrity: Loaded X.509 cert 'Microsoft Corporation: Windows UEFI CA 2023: aefc5fbbbe055d8f8daa585473499417ab5a5272'
[    3.787518] kernel: integrity: Revoking X.509 certificate: UEFI:dbx
[    3.787521] kernel: blacklist: Revoked X.509 cert 'Canonical Ltd. Secure Boot Signing: 61482aa2830d0ab2ad5af10b7250da9033ddcef0'
[    3.787525] kernel: integrity: Revoking X.509 certificate: UEFI:dbx
[    3.787529] kernel: blacklist: Revoked X.509 cert 'Debian Secure Boot Signer: 00a7468def'
[    3.787533] kernel: Loading compiled-in module X.509 certificates
[    3.787537] kernel: Loaded X.509 cert 'Build time autogenerated kernel key: d58642ef3ae3c493f5a8caf7c25937203c757ff9'
[    3.787540] kernel: ima: Allocated hash algorithm: sha256
[    3.787544] kernel: ima: No architecture policies found
[    3.787549] kernel: evm: Initialising EVM extended attributes:
[    3.787552] kernel: evm: security.selinux
[    3.787556] kernel: evm: security.SMACK64
[    3.787559] kernel: evm: security.SMACK64EXEC
[    3.787563] kernel: evm: security.SMACK64TRANSMUTE
[    3.787567] kernel: evm: security.SMACK64MMAP
[    3.787570] kernel: evm: security.apparmor
[    3.787574] kernel: evm: security.ima
[    3.787578] kernel: evm: security.capability
[    3.787582] kernel: evm: HMAC attrs: 0x1
[    3.787587] kernel: PM:   Magic number: 2:601:979
[    3.787591] kernel: RAS: Correctable Errors collector initialized.
[    3.787594] kernel: clk: Disabling unused clocks
[    3.787598] kernel: PM: genpd: Disabling unused power domains
[    3.787602] kernel: Freeing unused decrypted memory: 2028K
[    3.787606] kernel: Freeing unused kernel image (initmem) memory: 5012K
[    3.787610] kernel: Write protecting the kernel read-only data: 38912k
[    3.787614] kernel: Freeing unused kernel image (text/rodata gap) memory: 728K
[    3.787618] kernel: Freeing unused kernel image (rodata/data gap) memory: 556K
[    3.787622] kernel: x86/mm: Checked W+X mappings: passed, no W+X pages found.
[    3.787625] kernel: Run /init as init process
[    3.787630] kernel:   with arguments:
[    3.787634] kernel:     /init
[    3.787638] kernel:     splash
[    3.787642] kernel:   with environment:
[    3.787646] kernel:     HOME=/
[    3.787649] kernel:     TERM=linux
[    3.787654] kernel:     BOOT_IMAGE=/boot/vmlinuz-6.14.0-37-generic
[    3.787658] kernel: hid: raw HID events driver (C) Jiri Kosina
[    3.787663] kernel: ACPI: bus type thunderbolt registered
[    3.787730] kernel: intel-lpss 0000:00:15.0: enabling device (0000 -> 0002)
[    3.787735] kernel: e1000e: Intel(R) PRO/1000 Network Driver
[    3.787739] kernel: e1000e: Copyright(c) 1999 - 2015 Intel Corporation.
[    3.787803] kernel: e1000e 0000:00:1f.6: Interrupt Throttling Rate (ints/sec) set to dynamic conservative mode
[    3.787875] kernel: idma64 idma64.0: Found Intel integrated DMA 64-bit
[    3.787964] kernel: usb 3-3: new low-speed USB device number 2 using xhci_hcd
[    3.788059] kernel: nvme 0000:01:00.0: platform quirk: setting simple suspend
[    3.788163] kernel: nvme nvme0: pci function 0000:01:00.0
[    3.788328] kernel: intel-lpss 0000:00:15.2: enabling device (0000 -> 0002)
[    3.788476] kernel: idma64 idma64.1: Found Intel integrated DMA 64-bit
[    3.788580] kernel: nvme nvme0: allocated 32 MiB host memory buffer (8 segments).
[    3.788674] kernel: nvme nvme0: 12/0/0 default/read/poll queues
[    3.788686] kernel:  nvme0n1: p1 p2
[    3.788700] kernel: input: ELAN06C6:00 04F3:3193 Mouse as /devices/pci0000:00/0000:00:15.0/i2c_designware.0/i2c-0/i2c-ELAN06C6:00/0018:04F3:3193.0001/input/input6
[    3.788710] kernel: input: ELAN06C6:00 04F3:3193 Touchpad as /devices/pci0000:00/0000:00:15.0/i2c_designware.0/i2c-0/i2c-ELAN06C6:00/0018:04F3:3193.0001/input/input8
[    3.788869] kernel: hid-generic 0018:04F3:3193.0001: input,hidraw0: I2C HID v1.00 Mouse [ELAN06C6:00 04F3:3193] on i2c-ELAN06C6:00
[    3.789024] kernel: usb 3-3: New USB device found, idVendor=0d62, idProduct=913e, bcdDevice=33.01
[    3.789161] kernel: usb 3-3: New USB device strings: Mfr=1, Product=2, SerialNumber=0
[    3.789293] kernel: usb 3-3: Product: HP 125 Wired Keyboard
[    3.789424] kernel: usb 3-3: Manufacturer: Darfon
[    3.789440] kernel: input: ELAN06C6:00 04F3:3193 Mouse as /devices/pci0000:00/0000:00:15.0/i2c_designware.0/i2c-0/i2c-ELAN06C6:00/0018:04F3:3193.0001/input/input9
[    3.789449] kernel: input: ELAN06C6:00 04F3:3193 Touchpad as /devices/pci0000:00/0000:00:15.0/i2c_designware.0/i2c-0/i2c-ELAN06C6:00/0018:04F3:3193.0001/input/input11
[    3.789590] kernel: hid-multitouch 0018:04F3:3193.0001: input,hidraw0: I2C HID v1.00 Mouse [ELAN06C6:00 04F3:3193] on i2c-ELAN06C6:00
[    3.789730] kernel: e1000e 0000:00:1f.6 0000:00:1f.6 (uninitialized): registered PHC clock
[    3.789911] kernel: usb 3-6: new full-speed USB device number 3 using xhci_hcd
[    3.790066] kernel: e1000e 0000:00:1f.6 eth0: (PCI Express:2.5GT/s:Width x1) c4:ef:bb:8c:1b:02
[    3.790208] kernel: e1000e 0000:00:1f.6 eth0: Intel(R) PRO/1000 Network Connection
[    3.790347] kernel: e1000e 0000:00:1f.6 eth0: MAC: 15, PHY: 12, PBA No: FFFFFF-0FF
[    3.790482] kernel: e1000e 0000:00:1f.6 enp0s31f6: renamed from eth0
[    3.790631] kernel: psmouse serio1: trackpoint: Elan TrackPoint firmware: 0x00, buttons: 3/3
[    3.790643] kernel: input: TPPS/2 Elan TrackPoint as /devices/platform/i8042/serio1/input/input5
[    3.790779] kernel: usb 3-6: New USB device found, idVendor=04f3, idProduct=0c4b, bcdDevice=27.20
[    3.790910] kernel: usb 3-6: New USB device strings: Mfr=1, Product=2, SerialNumber=0
[    3.791049] kernel: usb 3-6: Product: ELAN:Fingerprint
[    3.791186] kernel: usb 3-6: Manufacturer: ELAN
[    3.791366] kernel: usb 3-7: new high-speed USB device number 4 using xhci_hcd
[    3.791503] kernel: usb 3-7: New USB device found, idVendor=04f2, idProduct=b7b9, bcdDevice= 2.12
[    3.791638] kernel: usb 3-7: New USB device strings: Mfr=1, Product=2, SerialNumber=3
[    3.791767] kernel: usb 3-7: Product: Integrated Camera
[    3.791893] kernel: usb 3-7: Manufacturer: SunplusIT Inc
[    3.792028] kernel: usb 3-7: SerialNumber: 01.00.00
[    3.792212] kernel: usb 3-9: new low-speed USB device number 5 using xhci_hcd
[    3.792361] kernel: typec port0: bound usb3-port1 (ops connector_ops)
[    3.792492] kernel: typec port0: bound usb2-port2 (ops connector_ops)
[    3.792633] kernel: usb 3-9: New USB device found, idVendor=413c, idProduct=301a, bcdDevice= 1.00
[    3.792774] kernel: usb 3-9: New USB device strings: Mfr=1, Product=2, SerialNumber=0
[    3.792905] kernel: usb 3-9: Product: Dell MS116 USB Optical Mouse
[    3.793042] kernel: usb 3-9: Manufacturer: PixArt
[    3.793220] kernel: usb 3-10: new full-speed USB device number 6 using xhci_hcd
[    3.793353] kernel: usb 3-10: New USB device found, idVendor=8087, idProduct=0026, bcdDevice= 0.02
[    3.793479] kernel: usb 3-10: New USB device strings: Mfr=0, Product=0, SerialNumber=0
[    3.793491] kernel: input: Darfon HP 125 Wired Keyboard as /devices/pci0000:00/0000:00:14.0/usb3/3-3/3-3:1.0/0003:0D62:913E.0002/input/input12
[    3.793636] kernel: hid-generic 0003:0D62:913E.0002: input,hidraw1: USB HID v1.11 Keyboard [Darfon HP 125 Wired Keyboard] on usb-0000:00:14.0-3/input0
[    3.793650] kernel: input: Darfon HP 125 Wired Keyboard Consumer Control as /devices/pci0000:00/0000:00:14.0/usb3/3-3/3-3:1.1/0003:0D62:913E.0003/input/input13
[    3.793659] kernel: input: Darfon HP 125 Wired Keyboard System Control as /devices/pci0000:00/0000:00:14.0/usb3/3-3/3-3:1.1/0003:0D62:913E.0003/input/input14
[    3.793798] kernel: hid-generic 0003:0D62:913E.0003: input,hidraw2: USB HID v1.11 Device [Darfon HP 125 Wired Keyboard] on usb-0000:00:14.0-3/input1
[    3.793809] kernel: input: PixArt Dell MS116 USB Optical Mouse as /devices/pci0000:00/0000:00:14.0/usb3/3-9/3-9:1.0/0003:413C:301A.0004/input/input15
[    3.793948] kernel: hid-generic 0003:413C:301A.0004: input,hidraw3: USB HID v1.11 Mouse [PixArt Dell MS116 USB Optical Mouse] on usb-0000:00:14.0-9/input0
[    3.793959] kernel: usbcore: registered new interface driver usbhid
[    3.793967] kernel: usbhid: USB HID core driver
[    3.793978] kernel: EXT4-fs (nvme0n1p2): orphan cleanup on readonly fs
[    3.793986] kernel: EXT4-fs (nvme0n1p2): mounted filesystem 77151a82-e52d-4070-9569-75d72ae3eb7b ro with ordered data mode. Quota mode: none.
[    3.793996] systemd[1]: Inserted module 'autofs4'
[    3.794013] systemd[1]: systemd 257.4-1ubuntu3.2 running in system mode (+PAM +AUDIT +SELINUX +APPARMOR +IMA +IPE +SMACK +SECCOMP +GCRYPT -GNUTLS +OPENSSL +ACL +BLKID +CURL +ELFUTILS +FIDO2 +IDN2 -IDN +IPTC +KMOD +LIBCRYPTSETUP +LIBCRYPTSETUP_PLUGINS +LIBFDISK +PCRE2 +PWQUALITY +P11KIT +QRENCODE +TPM2 +BZIP2 +LZ4 +XZ +ZLIB +ZSTD +BPF_FRAMEWORK +BTF -XKBCOMMON -UTMP +SYSVINIT +LIBARCHIVE)
[    3.794023] systemd[1]: Detected architecture x86-64.
[    3.794032] systemd[1]: Hostname set to <PF5EG5WE>.
[    3.794041] systemd[1]: bpf-restrict-fs: BPF LSM hook not enabled in the kernel, BPF LSM not supported.
[    3.794182] kernel: typec port1: bound usb3-port2 (ops connector_ops)
[    3.794311] kernel: typec port1: bound usb2-port1 (ops connector_ops)
[    3.794323] systemd[1]: Configuration file /etc/systemd/system/winclient.service is marked executable. Please remove executable permission bits. Proceeding anyway.
[    3.794333] systemd[1]: Configuration file /etc/systemd/system/selfprotection.service is marked executable. Please remove executable permission bits. Proceeding anyway.
[    3.794343] systemd[1]: Configuration file /etc/systemd/system/rtscanner.service is marked executable. Please remove executable permission bits. Proceeding anyway.
[    3.794352] systemd[1]: Configuration file /etc/systemd/system/pscanner.service is marked executable. Please remove executable permission bits. Proceeding anyway.
[    3.794361] systemd[1]: Configuration file /etc/systemd/system/nfdaemon.service is marked executable. Please remove executable permission bits. Proceeding anyway.
[    3.794373] systemd[1]: Configuration file /etc/systemd/system/mwprintd.service is marked executable. Please remove executable permission bits. Proceeding anyway.
[    3.794382] systemd[1]: Configuration file /etc/systemd/system/mwpblocker.service is marked executable. Please remove executable permission bits. Proceeding anyway.
[    3.794391] systemd[1]: Configuration file /etc/systemd/system/mwlogdaemon.service is marked executable. Please remove executable permission bits. Proceeding anyway.
[    3.794401] systemd[1]: Configuration file /etc/systemd/system/mwcpmon.service is marked executable. Please remove executable permission bits. Proceeding anyway.
[    3.794411] systemd[1]: Configuration file /etc/systemd/system/mwconnect.service is marked executable. Please remove executable permission bits. Proceeding anyway.
[    3.794420] systemd[1]: Configuration file /etc/systemd/system/mwcdmon.service is marked executable. Please remove executable permission bits. Proceeding anyway.
[    3.794430] systemd[1]: Configuration file /etc/systemd/system/mwagent.service is marked executable. Please remove executable permission bits. Proceeding anyway.
[    3.794441] systemd[1]: Configuration file /etc/systemd/system/metablock.service is marked executable. Please remove executable permission bits. Proceeding anyway.
[    3.794450] systemd[1]: Configuration file /etc/systemd/system/epsdaemon.service is marked executable. Please remove executable permission bits. Proceeding anyway.
[    3.794459] systemd[1]: Configuration file /etc/systemd/system/dispxra.service is marked executable. Please remove executable permission bits. Proceeding anyway.
[    3.794468] systemd[1]: Configuration file /etc/systemd/system/appblocker.service is marked executable. Please remove executable permission bits. Proceeding anyway.
[    3.794479] systemd[1]: /etc/systemd/system/anydesk.service:9: PIDFile= references a path below legacy directory /var/run/, updating /var/run/anydesk.pid → /run/anydesk.pid; please update the unit file accordingly.
[    3.794488] systemd[1]: Configuration file /etc/systemd/system/GAblocker.service is marked executable. Please remove executable permission bits. Proceeding anyway.
[    3.794499] systemd[1]: Queued start job for default target graphical.target.
[    3.794508] systemd[1]: Created slice system-cups.slice - CUPS Slice.
[    3.794517] systemd[1]: Created slice system-modprobe.slice - Slice /system/modprobe.
[    3.794526] systemd[1]: Created slice system-systemd\x2dfsck.slice - Slice /system/systemd-fsck.
[    3.794536] systemd[1]: Created slice user.slice - User and Session Slice.
[    3.794545] systemd[1]: Started systemd-ask-password-wall.path - Forward Password Requests to Wall Directory Watch.
[    3.794554] systemd[1]: Set up automount proc-sys-fs-binfmt_misc.automount - Arbitrary Executable File Formats File System Automount Point.
[    3.794563] systemd[1]: Expecting device dev-disk-by\x2duuid-CC9B\x2d52E4.device - /dev/disk/by-uuid/CC9B-52E4...
[    3.794572] systemd[1]: Reached target integritysetup.target - Local Integrity Protected Volumes.
[    3.794583] systemd[1]: Reached target remote-fs.target - Remote File Systems.
[    3.794593] systemd[1]: Reached target slices.target - Slice Units.
[    3.794602] systemd[1]: Reached target snapd.mounts-pre.target - Mounting snaps.
[    3.794611] systemd[1]: Reached target veritysetup.target - Local Verity Protected Volumes.
[    3.794620] systemd[1]: Listening on syslog.socket - Syslog Socket.
[    3.794630] systemd[1]: Listening on systemd-creds.socket - Credential Encryption/Decryption.
[    3.794639] systemd[1]: Listening on systemd-fsckd.socket - fsck to fsckd communication Socket.
[    3.794648] systemd[1]: Listening on systemd-initctl.socket - initctl Compatibility Named Pipe.
[    3.794662] systemd[1]: Listening on systemd-journald-dev-log.socket - Journal Socket (/dev/log).
[    3.794675] systemd[1]: Listening on systemd-journald.socket - Journal Sockets.
[    3.794684] systemd[1]: Listening on systemd-oomd.socket - Userspace Out-Of-Memory (OOM) Killer Socket.
[    3.794693] systemd[1]: systemd-pcrextend.socket - TPM PCR Measurements was skipped because of an unmet condition check (ConditionSecurity=measured-uki).
[    3.794702] systemd[1]: systemd-pcrlock.socket - Make TPM PCR Policy was skipped because of an unmet condition check (ConditionSecurity=measured-uki).
[    3.794711] systemd[1]: Listening on systemd-udevd-control.socket - udev Control Socket.
[    3.794722] systemd[1]: Listening on systemd-udevd-kernel.socket - udev Kernel Socket.
[    3.794731] systemd[1]: Mounting dev-hugepages.mount - Huge Pages File System...
[    3.794740] systemd[1]: Mounting dev-mqueue.mount - POSIX Message Queue File System...
[    3.794749] systemd[1]: Mounting run-lock.mount - Legacy Locks Directory /run/lock...
[    3.794758] systemd[1]: Mounting sys-kernel-debug.mount - Kernel Debug File System...
[    3.794767] systemd[1]: Mounting sys-kernel-tracing.mount - Kernel Trace File System...
[    3.794776] systemd[1]: Starting systemd-journald.service - Journal Service...
[    3.794785] systemd[1]: Starting keyboard-setup.service - Set the console keyboard layout...
[    3.794794] systemd[1]: Starting kmod-static-nodes.service - Create List of Static Device Nodes...
[    3.794805] systemd[1]: Starting modprobe@configfs.service - Load Kernel Module configfs...
[    3.794814] systemd[1]: Starting modprobe@drm.service - Load Kernel Module drm...
[    3.794823] systemd[1]: Starting modprobe@efi_pstore.service - Load Kernel Module efi_pstore...
[    3.794832] systemd[1]: Starting modprobe@fuse.service - Load Kernel Module fuse...
[    3.794841] systemd[1]: systemd-fsck-root.service - File System Check on Root Device was skipped because of an unmet condition check (ConditionPathExists=!/run/initramfs/fsck-root).
[    3.794850] systemd[1]: systemd-hibernate-clear.service - Clear Stale Hibernate Storage Info was skipped because of an unmet condition check (ConditionPathExists=/sys/firmware/efi/efivars/HibernateLocation-8cf2644b-4b0b-428f-9387-6d876050dc67).
[    3.794859] systemd[1]: Starting systemd-modules-load.service - Load Kernel Modules...
[    3.794868] systemd[1]: Starting systemd-oomd.service - Userspace Out-Of-Memory (OOM) Killer...
[    3.794880] systemd[1]: systemd-pcrmachine.service - TPM PCR Machine ID Measurement was skipped because of an unmet condition check (ConditionSecurity=measured-uki).
[    3.794889] systemd[1]: Starting systemd-remount-fs.service - Remount Root and Kernel File Systems...
[    3.794898] systemd[1]: systemd-tpm2-setup-early.service - Early TPM SRK Setup was skipped because of an unmet condition check (ConditionSecurity=measured-uki).
[    3.794911] systemd[1]: Starting systemd-udev-load-credentials.service - Load udev Rules from Credentials...
[    3.794920] systemd[1]: Starting systemd-udev-trigger.service - Coldplug All udev Devices...
[    3.794928] kernel: pstore: Using crash dump compression: deflate
[    3.794937] systemd[1]: Mounted dev-hugepages.mount - Huge Pages File System.
[    3.794946] systemd[1]: Mounted dev-mqueue.mount - POSIX Message Queue File System.
[    3.794957] systemd[1]: Mounted run-lock.mount - Legacy Locks Directory /run/lock.
[    3.794966] systemd[1]: Mounted sys-kernel-debug.mount - Kernel Debug File System.
[    3.794975] systemd[1]: Mounted sys-kernel-tracing.mount - Kernel Trace File System.
[    3.794984] systemd[1]: Finished kmod-static-nodes.service - Create List of Static Device Nodes.
[    3.794993] systemd[1]: modprobe@configfs.service: Deactivated successfully.
[    3.795006] systemd[1]: Finished modprobe@configfs.service - Load Kernel Module configfs.
[    3.795037] systemd-journald[394]: Collecting audit messages is disabled.
[    3.795061] systemd[1]: modprobe@drm.service: Deactivated successfully.
[    3.795071] systemd[1]: Finished modprobe@drm.service - Load Kernel Module drm.
[    3.795080] systemd[1]: modprobe@fuse.service: Deactivated successfully.
[    3.795089] systemd[1]: Finished modprobe@fuse.service - Load Kernel Module fuse.
[    3.795098] systemd[1]: Mounting sys-fs-fuse-connections.mount - FUSE Control File System...
[    3.795109] systemd[1]: Mounting sys-kernel-config.mount - Kernel Configuration File System...
[    3.795119] systemd[1]: Starting systemd-tmpfiles-setup-dev-early.service - Create Static Device Nodes in /dev gracefully...
[    3.795129] systemd[1]: Finished systemd-udev-load-credentials.service - Load udev Rules from Credentials.
[    3.795139] kernel: lp: driver loaded but no devices found
[    3.795147] kernel: EXT4-fs (nvme0n1p2): re-mounted 77151a82-e52d-4070-9569-75d72ae3eb7b r/w.
[    3.795157] systemd[1]: Finished systemd-remount-fs.service - Remount Root and Kernel File Systems.
[    3.795166] systemd[1]: Mounted sys-fs-fuse-connections.mount - FUSE Control File System.
[    3.795175] systemd[1]: Activating swap swap.img.swap - /swap.img...
[    3.795184] systemd[1]: systemd-hwdb-update.service - Rebuild Hardware Database was skipped because of an unmet condition check (ConditionNeedsUpdate=/etc).
[    3.795195] kernel: ppdev: user-space parallel port driver
[    3.795203] systemd[1]: Starting systemd-random-seed.service - Load/Save OS Random Seed...
[    3.795213] systemd[1]: systemd-tpm2-setup.service - TPM SRK Setup was skipped because of an unmet condition check (ConditionSecurity=measured-uki).
[    3.795222] systemd[1]: Mounted sys-kernel-config.mount - Kernel Configuration File System.
[    3.795230] kernel: Adding 4194300k swap on /swap.img.  Priority:-2 extents:21 across:377749504k SS
[    3.795239] systemd[1]: Activated swap swap.img.swap - /swap.img.
[    3.795248] systemd[1]: Reached target swap.target - Swaps.
[    3.795257] systemd[1]: Finished keyboard-setup.service - Set the console keyboard layout.
[    3.795267] kernel: pstore: Registered efi_pstore as persistent store backend
[    3.795276] systemd[1]: Finished systemd-random-seed.service - Load/Save OS Random Seed.
[    3.795285] systemd[1]: modprobe@efi_pstore.service: Deactivated successfully.
[    3.795294] systemd[1]: Finished modprobe@efi_pstore.service - Load Kernel Module efi_pstore.
[    3.795304] systemd[1]: systemd-pstore.service - Platform Persistent Storage Archival was skipped because of an unmet condition check (ConditionDirectoryNotEmpty=/sys/fs/pstore).
[    3.795313] systemd[1]: Finished systemd-tmpfiles-setup-dev-early.service - Create Static Device Nodes in /dev gracefully.
[    3.795326] systemd[1]: systemd-sysusers.service - Create System Users was skipped because no trigger condition checks were met.
[    3.795335] systemd[1]: Starting systemd-timesyncd.service - Network Time Synchronization...
[    3.795345] systemd[1]: Starting systemd-tmpfiles-setup-dev.service - Create Static Device Nodes in /dev...
[    3.795357] systemd[1]: Finished systemd-modules-load.service - Load Kernel Modules.
[    3.795366] systemd[1]: Starting systemd-sysctl.service - Apply Kernel Variables...
[    3.795375] systemd[1]: Finished systemd-tmpfiles-setup-dev.service - Create Static Device Nodes in /dev.
[    3.795384] systemd[1]: Reached target local-fs-pre.target - Preparation for Local File Systems.
[    3.795392] systemd[1]: Starting systemd-udevd.service - Rule-based Manager for Device Events and Files...
[    3.795402] systemd[1]: Started systemd-oomd.service - Userspace Out-Of-Memory (OOM) Killer.
[    3.795411] systemd[1]: Finished systemd-sysctl.service - Apply Kernel Variables.
[    3.795422] systemd[1]: Starting systemd-resolved.service - Network Name Resolution...
[    3.796020] systemd[1]: Started systemd-journald.service - Journal Service.
[    3.836739] systemd-journald[394]: Received client request to flush runtime journal.
[    3.935039] kernel: intel_pmc_core INT33A1:00:  initialized
[    3.940015] kernel: Non-volatile memory driver v1.3
[    3.956011] kernel: thinkpad_acpi: ThinkPad ACPI Extras v0.26
[    3.956054] kernel: thinkpad_acpi: http://ibm-acpi.sf.net/
[    3.956065] kernel: thinkpad_acpi: ThinkPad BIOS R2AET59W(1.34), EC R2AHT59W
[    3.956078] kernel: thinkpad_acpi: Lenovo ThinkPad E14 Gen 5, model 21JKS1E900
[    3.957010] kernel: thinkpad_acpi: radio switch found; radios are enabled
[    3.957066] kernel: resource: resource sanity check: requesting [mem 0x00000000fedc0000-0x00000000fedcffff], which spans more than pnp 00:05 [mem 0xfedc0000-0xfedc7fff]
[    3.957100] kernel: caller igen6_register_mcis+0x4b/0x2d0 [igen6_edac] mapping multiple BARs
[    3.957118] kernel: thinkpad_acpi: This ThinkPad has standard ACPI backlight brightness control, supported by the ACPI video driver
[    3.957135] kernel: thinkpad_acpi: Disabling thinkpad-acpi brightness events by default...
[    3.960017] kernel: EDAC MC0: Giving out device to module igen6_edac controller Intel_client_SoC MC#0: DEV 0000:00:00.0 (INTERRUPT)
[    3.960096] kernel: EDAC MC1: Giving out device to module igen6_edac controller Intel_client_SoC MC#1: DEV 0000:00:00.0 (INTERRUPT)
[    3.961020] kernel: EDAC igen6: v2.5.1
[    3.962384] kernel: thinkpad_acpi: rfkill switch tpacpi_bluetooth_sw: radio is unblocked
[    3.992032] kernel: mei_me 0000:00:16.0: enabling device (0000 -> 0002)
[    3.998045] kernel: i801_smbus 0000:00:1f.4: enabling device (0000 -> 0003)
[    4.000029] kernel: i801_smbus 0000:00:1f.4: SPD Write Disable is set
[    4.001125] kernel: i801_smbus 0000:00:1f.4: SMBus using PCI interrupt
[    4.019021] kernel: i2c i2c-2: Successfully instantiated SPD at 0x50
[    4.026081] kernel: cfg80211: Loading compiled-in X.509 certificates for regulatory database
[    4.026175] kernel: mc: Linux media interface: v0.10
[    4.026188] kernel: Loaded X.509 cert 'sforshee: 00b28ddf47aef9cea7'
[    4.027010] kernel: Loaded X.509 cert 'wens: 61c038651aabdcf94bd0ac7ff06c7248db18c600'
[    4.031026] kernel: thinkpad_acpi: secondary fan control detected & enabled
[    4.043439] kernel: Bluetooth: Core ver 2.22
[    4.043508] kernel: NET: Registered PF_BLUETOOTH protocol family
[    4.043532] kernel: Bluetooth: HCI device and connection manager initialized
[    4.043562] kernel: Bluetooth: HCI socket layer initialized
[    4.043581] kernel: Bluetooth: L2CAP socket layer initialized
[    4.043601] kernel: Bluetooth: SCO socket layer initialized
[    4.048044] kernel: thinkpad_acpi: battery 1 registered (start 95, stop 100, behaviours: 0x7)
[    4.050027] kernel: ACPI: battery: new hook: ThinkPad Battery Extension
[    4.055020] kernel: proc_thermal_pci 0000:00:04.0: enabling device (0000 -> 0002)
[    4.063082] kernel: videodev: Linux video capture interface: v2.00
[    4.063161] kernel: intel_rapl_common: Found RAPL domain package
[    4.066012] kernel: Intel(R) Wireless WiFi driver for Linux
[    4.067123] kernel: iwlwifi 0000:00:14.3: enabling device (0000 -> 0002)
[    4.078012] kernel: input: ThinkPad Extra Buttons as /devices/platform/thinkpad_acpi/input/input16
[    4.080022] kernel: RAPL PMU: API unit is 2^-32 Joules, 3 fixed counters, 655360 ms ovfl timer
[    4.080087] kernel: RAPL PMU: hw unit of domain pp0-core 2^-14 Joules
[    4.080165] kernel: RAPL PMU: hw unit of domain package 2^-14 Joules
[    4.080191] kernel: RAPL PMU: hw unit of domain pp1-gpu 2^-14 Joules
[    4.085017] kernel: cryptd: max_cpu_qlen set to 1000
[    4.090017] kernel: AES CTR mode by8 optimization enabled
[    4.092012] kernel: iwlwifi 0000:00:14.3: Detected crf-id 0x1300504, cnv-id 0x80400 wfpm id 0x80000030
[    4.094183] kernel: iwlwifi 0000:00:14.3: PCI dev 51f1/0074, rev=0x370, rfid=0x10a100
[    4.094274] kernel: iwlwifi 0000:00:14.3: Detected Intel(R) Wi-Fi 6 AX201 160MHz
[    4.094344] kernel: usb 3-7: Found UVC 1.50 device Integrated Camera (04f2:b7b9)
[    4.094429] kernel: usbcore: registered new interface driver btusb
[    4.094435] kernel: Bluetooth: hci0: Device revision is 2
[    4.094441] kernel: Bluetooth: hci0: Secure boot is enabled
[    4.094450] kernel: Bluetooth: hci0: OTP lock is enabled
[    4.094457] kernel: Bluetooth: hci0: API lock is enabled
[    4.094467] kernel: Bluetooth: hci0: Debug lock is disabled
[    4.094474] kernel: Bluetooth: hci0: Minimum firmware build 1 week 10 2014
[    4.094478] kernel: Bluetooth: hci0: Bootloader timestamp 2019.40 buildtype 1 build 38
[    4.096192] kernel: Bluetooth: hci0: DSM reset method type: 0x00
[    4.096231] kernel: snd_hda_intel 0000:00:1f.3: Digital mics found on Skylake+ platform, using SOF driver
[    4.102011] kernel: Bluetooth: hci0: Found device firmware: intel/ibt-0040-4150.sfi
[    4.102056] kernel: Bluetooth: hci0: Boot Address: 0x100800
[    4.102070] kernel: Bluetooth: hci0: Firmware Version: 200-48.24
[    4.103164] kernel: iwlwifi 0000:00:14.3: TLV_FW_FSEQ_VERSION: FSEQ Version: 0.0.2.42
[    4.104657] kernel: iwlwifi 0000:00:14.3: loaded firmware version 89.4d42c933.0 so-a0-hr-b0-89.ucode op_mode iwlmvm
[    4.147063] kernel: usbcore: registered new interface driver uvcvideo
[    4.375018] kernel: i915 0000:00:02.0: enabling device (0006 -> 0007)
[    4.377006] kernel: i915 0000:00:02.0: [drm] Found alderlake_p/raptorlake_u (device ID a7a1) integrated display version 13.00 stepping E0
[    4.378014] kernel: intel_rapl_msr: PL4 support detected.
[    4.378067] kernel: intel_rapl_common: Found RAPL domain package
[    4.378086] kernel: intel_rapl_common: Found RAPL domain core
[    4.378100] kernel: intel_rapl_common: Found RAPL domain uncore
[    4.382014] kernel: ee1004 2-0050: 512 byte EE1004-compliant SPD EEPROM, read-only
[    4.424014] kernel: spi-nor spi0.0: supply vcc not found, using dummy regulator
[    4.431012] kernel: Creating 1 MTD partitions on "0000:00:1f.5":
[    4.431071] kernel: 0x000000000000-0x000004000000 : "BIOS"
[    4.437013] kernel: intel_tcc_cooling: Programmable TCC Offset detected
[    4.438613] kernel: i915 0000:00:02.0: vgaarb: deactivate vga console
[    4.438881] kernel: i915 0000:00:02.0: [drm] Using Transparent Hugepages
[    4.439107] kernel: i915 0000:00:02.0: vgaarb: VGA decodes changed: olddecodes=io+mem,decodes=io+mem:owns=mem
[    4.443026] kernel: i915 0000:00:02.0: [drm] Finished loading DMC firmware i915/adlp_dmc.bin (v2.20)
[    4.470015] kernel: i915 0000:00:02.0: [drm] GT0: GuC firmware i915/adlp_guc_70.bin version 70.36.0
[    4.470253] kernel: i915 0000:00:02.0: [drm] GT0: HuC firmware i915/tgl_huc.bin version 7.9.3
[    4.486030] kernel: i915 0000:00:02.0: [drm] GT0: HuC: authenticated for all workloads
[    4.486237] kernel: i915 0000:00:02.0: [drm] GT0: GUC: submission enabled
[    4.486399] kernel: i915 0000:00:02.0: [drm] GT0: GUC: SLPC enabled
[    4.486558] kernel: i915 0000:00:02.0: [drm] GT0: GUC: RC enabled
[    4.489011] kernel: mei_pxp 0000:00:16.0-fbf6fcf1-96cf-4e2e-a6a6-1bab8cbe36b1: bound 0000:00:02.0 (ops i915_pxp_tee_component_ops [i915])
[    4.489150] kernel: i915 0000:00:02.0: [drm] Protected Xe Path (PXP) protected content support initialized
[    4.489305] kernel: mei_hdcp 0000:00:16.0-b638ab7e-94e2-4ea2-a552-d1c54b627f04: bound 0000:00:02.0 (ops i915_hdcp_ops [i915])
[    4.501008] kernel: sof-audio-pci-intel-tgl 0000:00:1f.3: DSP detected with PCI class/subclass/prog-if 0x040100
[    4.501193] kernel: [drm] Initialized i915 1.6.0 for 0000:00:02.0 on minor 1
[    4.511041] kernel: ACPI: video: Video Device [GFX0] (multi-head: yes  rom: no  post: no)
[    4.513005] kernel: input: Video Bus as /devices/LNXSYSTM:00/LNXSYBUS:00/PNP0A08:00/LNXVIDEO:00/input/input17
[    4.552006] kernel: fbcon: i915drmfb (fb0) is primary device
[    4.552038] kernel: fbcon: Deferring console take-over
[    4.552052] kernel: i915 0000:00:02.0: [drm] fb0: i915drmfb frame buffer device
[    4.565005] kernel: iwlwifi 0000:00:14.3: WFPM_UMAC_PD_NOTIFICATION: 0x20
[    4.565152] kernel: iwlwifi 0000:00:14.3: WFPM_LMAC2_PD_NOTIFICATION: 0x1f
[    4.565294] kernel: iwlwifi 0000:00:14.3: WFPM_AUTH_KEY_0: 0x90
[    4.565438] kernel: iwlwifi 0000:00:14.3: CNVI_SCU_SEQ_DATA_DW9: 0x10
[    4.565708] kernel: iwlwifi 0000:00:14.3: Detected RF HR B3, rfid=0x10a100
[    4.567009] kernel: iwlwifi 0000:00:14.3: RFIm is deactivated, reason = 4
[    4.586022] kernel: sof-audio-pci-intel-tgl 0000:00:1f.3: bound 0000:00:02.0 (ops i915_audio_component_bind_ops [i915])
[    4.593008] kernel: sof-audio-pci-intel-tgl 0000:00:1f.3: use msi interrupt mode
[    4.625015] kernel: sof-audio-pci-intel-tgl 0000:00:1f.3: hda codecs found, mask 5
[    4.625228] kernel: sof-audio-pci-intel-tgl 0000:00:1f.3: using HDA machine driver skl_hda_dsp_generic now
[    4.625368] kernel: sof-audio-pci-intel-tgl 0000:00:1f.3: NHLT device BT(0) detected, ssp_mask 0x4
[    4.625508] kernel: sof-audio-pci-intel-tgl 0000:00:1f.3: BT link detected in NHLT tables: 0x4
[    4.625639] kernel: sof-audio-pci-intel-tgl 0000:00:1f.3: DMICs detected in NHLT tables: 2
[    4.628007] kernel: sof-audio-pci-intel-tgl 0000:00:1f.3: Firmware paths/files for ipc type 0:
[    4.628145] kernel: sof-audio-pci-intel-tgl 0000:00:1f.3:  Firmware file:     intel/sof/sof-rpl.ri
[    4.628278] kernel: sof-audio-pci-intel-tgl 0000:00:1f.3:  Topology file:     intel/sof-tplg/sof-hda-generic-2ch.tplg
[    4.629007] kernel: sof-audio-pci-intel-tgl 0000:00:1f.3: Firmware info: version 2:2:0-57864
[    4.629152] kernel: sof-audio-pci-intel-tgl 0000:00:1f.3: Firmware: ABI 3:22:1 Kernel ABI 3:23:1
[    4.632007] kernel: iwlwifi 0000:00:14.3: base HW address: ec:4c:8c:a5:74:90
[    4.724051] kernel: sof-audio-pci-intel-tgl 0000:00:1f.3: Firmware info: version 2:2:0-57864
[    4.724265] kernel: sof-audio-pci-intel-tgl 0000:00:1f.3: Firmware: ABI 3:22:1 Kernel ABI 3:23:1
[    4.750025] kernel: sof-audio-pci-intel-tgl 0000:00:1f.3: Topology: ABI 3:22:1 Kernel ABI 3:23:1
[    4.753010] kernel: skl_hda_dsp_generic skl_hda_dsp_generic: ASoC: Parent card not yet available, widget card binding deferred
[    4.756044] kernel: loop0: detected capacity change from 0 to 113640
[    4.756079] kernel: loop1: detected capacity change from 0 to 113648
[    4.756100] kernel: loop2: detected capacity change from 0 to 8
[    4.762025] kernel: loop3: detected capacity change from 0 to 130608
[    4.763082] kernel: iwlwifi 0000:00:14.3 wlp0s20f3: renamed from wlan0
[    4.763288] kernel: loop4: detected capacity change from 0 to 130608
[    4.763302] kernel: loop5: detected capacity change from 0 to 151456
[    4.764013] kernel: loop6: detected capacity change from 0 to 151512
[    4.765038] kernel: loop7: detected capacity change from 0 to 136912
[    4.768027] kernel: loop8: detected capacity change from 0 to 136872
[    4.769058] kernel: loop9: detected capacity change from 0 to 46232
[    4.773190] kernel: loop10: detected capacity change from 0 to 239464
[    4.774017] kernel: loop11: detected capacity change from 0 to 46224
[    4.780019] kernel: loop13: detected capacity change from 0 to 238832
[    4.780100] kernel: loop12: detected capacity change from 0 to 515368
[    4.780122] kernel: loop14: detected capacity change from 0 to 522136
[    4.782022] kernel: snd_hda_codec_conexant ehdaudio0D0: CX8070: BIOS auto-probing.
[    4.784049] kernel: snd_hda_codec_conexant ehdaudio0D0: CX8070: picked fixup  for PCI SSID 17aa:0000
[    4.784560] kernel: snd_hda_codec_conexant ehdaudio0D0: autoconfig for CX8070: line_outs=1 (0x17/0x0/0x0/0x0/0x0) type:speaker
[    4.784843] kernel: snd_hda_codec_conexant ehdaudio0D0:    speaker_outs=0 (0x0/0x0/0x0/0x0/0x0)
[    4.785193] kernel: snd_hda_codec_conexant ehdaudio0D0:    hp_outs=1 (0x16/0x0/0x0/0x0/0x0)
[    4.785407] kernel: snd_hda_codec_conexant ehdaudio0D0:    mono: mono_out=0x0
[    4.785651] kernel: snd_hda_codec_conexant ehdaudio0D0:    inputs:
[    4.785838] kernel: snd_hda_codec_conexant ehdaudio0D0:      Mic=0x19
[    4.786092] kernel: loop16: detected capacity change from 0 to 33680
[    4.786120] kernel: loop15: detected capacity change from 0 to 33688
[    4.789019] kernel: loop17: detected capacity change from 0 to 337560
[    4.792027] kernel: skl_hda_dsp_generic skl_hda_dsp_generic: hda_dsp_hdmi_build_controls: no PCM in topology for HDMI converter 3
[    4.792411] kernel: loop18: detected capacity change from 0 to 716176
[    4.794008] kernel: loop19: detected capacity change from 0 to 1056784
[    4.795021] kernel: loop20: detected capacity change from 0 to 1088256
[    4.797247] kernel: loop22: detected capacity change from 0 to 1241248
[    4.797302] kernel: loop21: detected capacity change from 0 to 187776
[    4.801025] kernel: loop23: detected capacity change from 0 to 2461152
[    4.803016] kernel: loop24: detected capacity change from 0 to 808920
[    4.804081] kernel: loop25: detected capacity change from 0 to 296912
[    4.804119] kernel: loop26: detected capacity change from 0 to 2462616
[    4.808008] kernel: loop27: detected capacity change from 0 to 38552
[    4.808057] kernel: loop28: detected capacity change from 0 to 29528
[    4.810018] kernel: loop29: detected capacity change from 0 to 22176
[    4.813026] kernel: loop30: detected capacity change from 0 to 31784
[    4.817051] kernel: loop32: detected capacity change from 0 to 98480
[    4.818132] kernel: loop31: detected capacity change from 0 to 99056
[    4.824014] kernel: loop33: detected capacity change from 0 to 1152
[    4.826009] kernel: input: sof-hda-dsp Mic as /devices/pci0000:00/0000:00:1f.3/skl_hda_dsp_generic/sound/card0/input18
[    4.827014] kernel: input: sof-hda-dsp Headphone as /devices/pci0000:00/0000:00:1f.3/skl_hda_dsp_generic/sound/card0/input19
[    4.827057] kernel: loop34: detected capacity change from 0 to 219648
[    4.828030] kernel: input: sof-hda-dsp HDMI/DP,pcm=3 as /devices/pci0000:00/0000:00:1f.3/skl_hda_dsp_generic/sound/card0/input20
[    4.828083] kernel: input: sof-hda-dsp HDMI/DP,pcm=4 as /devices/pci0000:00/0000:00:1f.3/skl_hda_dsp_generic/sound/card0/input21
[    4.828104] kernel: input: sof-hda-dsp HDMI/DP,pcm=5 as /devices/pci0000:00/0000:00:1f.3/skl_hda_dsp_generic/sound/card0/input22
[    4.831080] kernel: loop35: detected capacity change from 0 to 1152
[    4.831133] kernel: loop36: detected capacity change from 0 to 219736
[    4.831155] kernel: loop37: detected capacity change from 0 to 286136
[    4.840046] kernel: loop38: detected capacity change from 0 to 286160
[    4.970013] kernel: audit: type=1400 audit(1774947534.902:2): apparmor="STATUS" operation="profile_load" profile="unconfined" name="Discord" pid=1274 comm="apparmor_parser"
[    4.970131] kernel: audit: type=1400 audit(1774947534.902:3): apparmor="STATUS" operation="profile_load" profile="unconfined" name="QtWebEngineProcess" pid=1276 comm="apparmor_parser"
[    4.970189] kernel: audit: type=1400 audit(1774947534.902:4): apparmor="STATUS" operation="profile_load" profile="unconfined" name=4D6F6E676F444220436F6D70617373 pid=1275 comm="apparmor_parser"
[    4.970201] kernel: audit: type=1400 audit(1774947534.902:5): apparmor="STATUS" operation="profile_load" profile="unconfined" name="1password" pid=1273 comm="apparmor_parser"
[    4.970215] kernel: audit: type=1400 audit(1774947534.902:6): apparmor="STATUS" operation="profile_load" profile="unconfined" name="brave" pid=1284 comm="apparmor_parser"
[    4.970226] kernel: audit: type=1400 audit(1774947534.902:7): apparmor="STATUS" operation="profile_load" profile="unconfined" name="balena-etcher" pid=1281 comm="apparmor_parser"
[    4.970239] kernel: audit: type=1400 audit(1774947534.902:8): apparmor="STATUS" operation="profile_load" profile="unconfined" name="buildah" pid=1285 comm="apparmor_parser"
[    4.972021] kernel: audit: type=1400 audit(1774947534.904:9): apparmor="STATUS" operation="profile_load" profile="unconfined" name="cam" pid=1294 comm="apparmor_parser"
[    4.972088] kernel: audit: type=1400 audit(1774947534.904:10): apparmor="STATUS" operation="profile_load" profile="unconfined" name="ch-checkns" pid=1295 comm="apparmor_parser"
[    5.214060] kernel: kauditd_printk_skb: 173 callbacks suppressed
[    5.214131] kernel: audit: type=1400 audit(1774947535.146:184): apparmor="STATUS" operation="profile_load" profile="unconfined" name="snap-update-ns.mesa-2404" pid=1520 comm="apparmor_parser"
[    5.218159] kernel: audit: type=1400 audit(1774947535.150:185): apparmor="STATUS" operation="profile_load" profile="unconfined" name="/snap/snapd/25935/usr/lib/snapd/snap-confine" pid=1512 comm="apparmor_parser"
[    5.218255] kernel: audit: type=1400 audit(1774947535.150:186): apparmor="STATUS" operation="profile_load" profile="unconfined" name="/snap/snapd/25935/usr/lib/snapd/snap-confine//mount-namespace-capture-helper" pid=1512 comm="apparmor_parser"
[    5.222021] kernel: audit: type=1400 audit(1774947535.154:187): apparmor="STATUS" operation="profile_load" profile="unconfined" name="snap-update-ns.libreoffice" pid=1518 comm="apparmor_parser"
[    5.222096] kernel: audit: type=1400 audit(1774947535.154:188): apparmor="STATUS" operation="profile_load" profile="unconfined" name="snap-update-ns.snap-store" pid=1522 comm="apparmor_parser"
[    5.222113] kernel: audit: type=1400 audit(1774947535.154:189): apparmor="STATUS" operation="profile_load" profile="unconfined" name="snap-update-ns.teams-for-linux" pid=1524 comm="apparmor_parser"
[    5.223137] kernel: audit: type=1400 audit(1774947535.155:190): apparmor="STATUS" operation="profile_load" profile="unconfined" name="snap-update-ns.snapd-desktop-integration" pid=1523 comm="apparmor_parser"
